[debug] [2026-08-30T17:10:41.333Z] ----------------------------------------------------------------------
[debug] [2026-08-30T17:10:41.336Z] Command:       /Users/dakshtandel/.nvm/versions/node/v22.17.1/bin/node /Users/dakshtandel/.npm/_npx/7750544ccf494d8b/node_modules/.bin/firebase use
[debug] [2026-08-30T17:10:41.336Z] CLI Version:   15.28.2
[debug] [2026-08-30T17:10:41.336Z] Platform:      darwin
[debug] [2026-08-30T17:10:41.336Z] Node Version:  v22.17.1
[debug] [2026-08-30T17:10:41.337Z] Detected Agent: codex_cli
[debug] [2026-08-30T17:10:41.337Z] Time:          Sun Aug 30 2026 22:40:41 GMT+0530 (India Standard Time)
[debug] [2026-08-30T17:10:41.337Z] ----------------------------------------------------------------------
[debug] 
[debug] [2026-08-30T17:10:41.475Z] > command requires scopes: ["email","openid","https://www.googleapis.com/auth/cloudplatformprojects.readonly","https://www.googleapis.com/auth/firebase","https://www.googleapis.com/auth/cloud-platform"]
[debug] [2026-08-30T17:10:41.475Z] > authorizing via signed-in user (dakshtandel943@gmail.com)
[info] compare-my-trip-8e035
[debug] [2026-08-30T17:10:44.547Z] ----------------------------------------------------------------------
[debug] [2026-08-30T17:10:44.550Z] Command:       /Users/dakshtandel/.nvm/versions/node/v22.17.1/bin/node /Users/dakshtandel/.npm/_npx/7750544ccf494d8b/node_modules/.bin/firebase deploy --only firestore:rules --debug
[debug] [2026-08-30T17:10:44.550Z] CLI Version:   15.28.2
[debug] [2026-08-30T17:10:44.550Z] Platform:      darwin
[debug] [2026-08-30T17:10:44.550Z] Node Version:  v22.17.1
[debug] [2026-08-30T17:10:44.551Z] Detected Agent: codex_cli
[debug] [2026-08-30T17:10:44.551Z] Time:          Sun Aug 30 2026 22:40:44 GMT+0530 (India Standard Time)
[debug] [2026-08-30T17:10:44.551Z] ----------------------------------------------------------------------
[debug] 
[debug] [2026-08-30T17:10:45.481Z] > command requires scopes: ["email","openid","https://www.googleapis.com/auth/cloudplatformprojects.readonly","https://www.googleapis.com/auth/firebase","https://www.googleapis.com/auth/cloud-platform"]
[debug] [2026-08-30T17:10:45.481Z] > authorizing via signed-in user (dakshtandel943@gmail.com)
[debug] [2026-08-30T17:10:45.481Z] [iam] checking project compare-my-trip-8e035 for permissions ["datastore.indexes.create","datastore.indexes.delete","datastore.indexes.list","datastore.indexes.update","firebase.projects.get"]
[debug] [2026-08-30T17:10:45.488Z] Checked if tokens are valid: true, expires at: 1788113135866
[debug] [2026-08-30T17:10:45.488Z] Checked if tokens are valid: true, expires at: 1788113135866
[debug] [2026-08-30T17:10:45.489Z] >>> [apiv2][query] POST https://cloudresourcemanager.googleapis.com/v1/projects/compare-my-trip-8e035:testIamPermissions [none]
[debug] [2026-08-30T17:10:45.489Z] >>> [apiv2][(partial)header] POST https://cloudresourcemanager.googleapis.com/v1/projects/compare-my-trip-8e035:testIamPermissions  x-goog-user-project=compare-my-trip-8e035
[debug] [2026-08-30T17:10:45.489Z] >>> [apiv2][body] POST https://cloudresourcemanager.googleapis.com/v1/projects/compare-my-trip-8e035:testIamPermissions {"permissions":["datastore.indexes.create","datastore.indexes.delete","datastore.indexes.list","datastore.indexes.update","firebase.projects.get"]}
[debug] [2026-08-30T17:10:47.282Z] <<< [apiv2][status] POST https://cloudresourcemanager.googleapis.com/v1/projects/compare-my-trip-8e035:testIamPermissions 200
[debug] [2026-08-30T17:10:47.282Z] <<< [apiv2][body] POST https://cloudresourcemanager.googleapis.com/v1/projects/compare-my-trip-8e035:testIamPermissions {"permissions":["datastore.indexes.create","datastore.indexes.delete","datastore.indexes.list","datastore.indexes.update","firebase.projects.get"]}
[info] 
[info] === Deploying to 'compare-my-trip-8e035'...
[info] 
[info] i  deploying firestore 
[info] i  firestore: ensuring required API firestore.googleapis.com is enabled... 
[info] i  firestore: ensuring required API firestore.googleapis.com is enabled... 
[debug] [2026-08-30T17:10:47.285Z] Checked if tokens are valid: true, expires at: 1788113135866
[debug] [2026-08-30T17:10:47.285Z] Checked if tokens are valid: true, expires at: 1788113135866
[debug] [2026-08-30T17:10:47.285Z] >>> [apiv2][query] GET https://firestore.googleapis.com/v1/projects/compare-my-trip-8e035/databases/(default) [none]
[debug] [2026-08-30T17:10:47.730Z] <<< [apiv2][status] GET https://firestore.googleapis.com/v1/projects/compare-my-trip-8e035/databases/(default) 200
[debug] [2026-08-30T17:10:47.730Z] <<< [apiv2][body] GET https://firestore.googleapis.com/v1/projects/compare-my-trip-8e035/databases/(default) {"name":"projects/compare-my-trip-8e035/databases/(default)","uid":"9297822c-73ff-4020-8e8d-3da198506472","createTime":"2026-08-25T07:54:05.961150Z","updateTime":"2026-08-25T07:54:05.961150Z","locationId":"asia-south1","type":"FIRESTORE_NATIVE","concurrencyMode":"PESSIMISTIC","versionRetentionPeriod":"3600s","earliestVersionTime":"2026-08-30T16:10:47.718068Z","appEngineIntegrationMode":"DISABLED","keyPrefix":"j","pointInTimeRecoveryEnablement":"POINT_IN_TIME_RECOVERY_DISABLED","deleteProtectionState":"DELETE_PROTECTION_DISABLED","databaseEdition":"STANDARD","freeTier":true,"realtimeUpdatesMode":"REALTIME_UPDATES_MODE_ENABLED","enhancedTextSearchQueryMode":"ENHANCED_QUERY_MODE_ENABLED","etag":"IIvQq6LsyJYDMLKb06uou5YD"}
[info] i  cloud.firestore: checking firestore.rules for compilation errors... 
[debug] [2026-08-30T17:10:47.732Z] Checked if tokens are valid: true, expires at: 1788113135866
[debug] [2026-08-30T17:10:47.732Z] Checked if tokens are valid: true, expires at: 1788113135866
[debug] [2026-08-30T17:10:47.732Z] >>> [apiv2][query] POST https://firebaserules.googleapis.com/v1/projects/compare-my-trip-8e035:test [none]
[debug] [2026-08-30T17:10:47.732Z] >>> [apiv2][body] POST https://firebaserules.googleapis.com/v1/projects/compare-my-trip-8e035:test [omitted]
[debug] [2026-08-30T17:10:48.288Z] <<< [apiv2][status] POST https://firebaserules.googleapis.com/v1/projects/compare-my-trip-8e035:test 200
[debug] [2026-08-30T17:10:48.288Z] <<< [apiv2][body] POST https://firebaserules.googleapis.com/v1/projects/compare-my-trip-8e035:test {}
[info] ✔  cloud.firestore: rules file firestore.rules compiled successfully 
[debug] [2026-08-30T17:10:48.291Z] Checked if tokens are valid: true, expires at: 1788113135866
[debug] [2026-08-30T17:10:48.291Z] Checked if tokens are valid: true, expires at: 1788113135866
[debug] [2026-08-30T17:10:48.292Z] >>> [apiv2][query] GET https://firebaserules.googleapis.com/v1/projects/compare-my-trip-8e035/releases pageSize=10&pageToken=
[debug] [2026-08-30T17:10:49.725Z] <<< [apiv2][status] GET https://firebaserules.googleapis.com/v1/projects/compare-my-trip-8e035/releases 200
[debug] [2026-08-30T17:10:49.726Z] <<< [apiv2][body] GET https://firebaserules.googleapis.com/v1/projects/compare-my-trip-8e035/releases {"releases":[{"name":"projects/compare-my-trip-8e035/releases/cloud.firestore","rulesetName":"projects/compare-my-trip-8e035/rulesets/f49a1154-27a0-4fbf-bd95-acd12ea56060","createTime":"2026-08-25T07:54:09.678904Z","updateTime":"2026-08-30T17:08:39.089346Z"}]}
[debug] [2026-08-30T17:10:49.726Z] Checked if tokens are valid: true, expires at: 1788113135866
[debug] [2026-08-30T17:10:49.727Z] Checked if tokens are valid: true, expires at: 1788113135866
[debug] [2026-08-30T17:10:49.727Z] >>> [apiv2][query] GET https://firebaserules.googleapis.com/v1/projects/compare-my-trip-8e035/rulesets/f49a1154-27a0-4fbf-bd95-acd12ea56060 [none]
[debug] [2026-08-30T17:10:51.078Z] <<< [apiv2][status] GET https://firebaserules.googleapis.com/v1/projects/compare-my-trip-8e035/rulesets/f49a1154-27a0-4fbf-bd95-acd12ea56060 200
[debug] [2026-08-30T17:10:51.078Z] <<< [apiv2][body] GET https://firebaserules.googleapis.com/v1/projects/compare-my-trip-8e035/rulesets/f49a1154-27a0-4fbf-bd95-acd12ea56060 [omitted]
[info] i  firestore: latest version of firestore.rules already up to date, skipping upload... 
[debug] [2026-08-30T17:10:51.080Z] [rules] releasing cloud.firestore with ruleset projects/compare-my-trip-8e035/rulesets/f49a1154-27a0-4fbf-bd95-acd12ea56060
[debug] [2026-08-30T17:10:51.081Z] Checked if tokens are valid: true, expires at: 1788113135866
[debug] [2026-08-30T17:10:51.081Z] Checked if tokens are valid: true, expires at: 1788113135866
[debug] [2026-08-30T17:10:51.081Z] >>> [apiv2][query] PATCH https://firebaserules.googleapis.com/v1/projects/compare-my-trip-8e035/releases/cloud.firestore [none]
[debug] [2026-08-30T17:10:51.081Z] >>> [apiv2][body] PATCH https://firebaserules.googleapis.com/v1/projects/compare-my-trip-8e035/releases/cloud.firestore {"release":{"name":"projects/compare-my-trip-8e035/releases/cloud.firestore","rulesetName":"projects/compare-my-trip-8e035/rulesets/f49a1154-27a0-4fbf-bd95-acd12ea56060"}}
[debug] [2026-08-30T17:10:52.450Z] <<< [apiv2][status] PATCH https://firebaserules.googleapis.com/v1/projects/compare-my-trip-8e035/releases/cloud.firestore 200
[debug] [2026-08-30T17:10:52.451Z] <<< [apiv2][body] PATCH https://firebaserules.googleapis.com/v1/projects/compare-my-trip-8e035/releases/cloud.firestore {"name":"projects/compare-my-trip-8e035/releases/cloud.firestore","rulesetName":"projects/compare-my-trip-8e035/rulesets/f49a1154-27a0-4fbf-bd95-acd12ea56060","createTime":"2026-08-25T07:54:09.678904Z","updateTime":"2026-08-30T17:10:52.332113Z"}
[debug] [2026-08-30T17:10:52.451Z] [rules] updated release projects/compare-my-trip-8e035/releases/cloud.firestore
[info] ✔  firestore: released rules firestore.rules to cloud.firestore 
[info] 
[info] ✔  Deploy complete! 
[info] 
[info] Project Console: https://console.firebase.google.com/project/compare-my-trip-8e035/overview
[debug] [2026-08-30T17:22:25.080Z] ----------------------------------------------------------------------
[debug] [2026-08-30T17:22:25.083Z] Command:       /Users/dakshtandel/.nvm/versions/node/v22.17.1/bin/node /Users/dakshtandel/.npm/_npx/7750544ccf494d8b/node_modules/.bin/firebase deploy --only firestore:rules
[debug] [2026-08-30T17:22:25.083Z] CLI Version:   15.28.2
[debug] [2026-08-30T17:22:25.084Z] Platform:      darwin
[debug] [2026-08-30T17:22:25.084Z] Node Version:  v22.17.1
[debug] [2026-08-30T17:22:25.084Z] Detected Agent: codex_cli
[debug] [2026-08-30T17:22:25.084Z] Time:          Sun Aug 30 2026 22:52:25 GMT+0530 (India Standard Time)
[debug] [2026-08-30T17:22:25.084Z] ----------------------------------------------------------------------
[debug] 
[debug] [2026-08-30T17:22:26.042Z] > command requires scopes: ["email","openid","https://www.googleapis.com/auth/cloudplatformprojects.readonly","https://www.googleapis.com/auth/firebase","https://www.googleapis.com/auth/cloud-platform"]
[debug] [2026-08-30T17:22:26.042Z] > authorizing via signed-in user (dakshtandel943@gmail.com)
[debug] [2026-08-30T17:22:26.042Z] [iam] checking project compare-my-trip-8e035 for permissions ["datastore.indexes.create","datastore.indexes.delete","datastore.indexes.list","datastore.indexes.update","firebase.projects.get"]
[debug] [2026-08-30T17:22:26.052Z] Checked if tokens are valid: true, expires at: 1788113135866
[debug] [2026-08-30T17:22:26.052Z] Checked if tokens are valid: true, expires at: 1788113135866
[debug] [2026-08-30T17:22:26.053Z] >>> [apiv2][query] POST https://cloudresourcemanager.googleapis.com/v1/projects/compare-my-trip-8e035:testIamPermissions [none]
[debug] [2026-08-30T17:22:26.053Z] >>> [apiv2][(partial)header] POST https://cloudresourcemanager.googleapis.com/v1/projects/compare-my-trip-8e035:testIamPermissions  x-goog-user-project=compare-my-trip-8e035
[debug] [2026-08-30T17:22:26.053Z] >>> [apiv2][body] POST https://cloudresourcemanager.googleapis.com/v1/projects/compare-my-trip-8e035:testIamPermissions {"permissions":["datastore.indexes.create","datastore.indexes.delete","datastore.indexes.list","datastore.indexes.update","firebase.projects.get"]}
[debug] [2026-08-30T17:22:27.509Z] <<< [apiv2][status] POST https://cloudresourcemanager.googleapis.com/v1/projects/compare-my-trip-8e035:testIamPermissions 200
[debug] [2026-08-30T17:22:27.510Z] <<< [apiv2][body] POST https://cloudresourcemanager.googleapis.com/v1/projects/compare-my-trip-8e035:testIamPermissions {"permissions":["datastore.indexes.create","datastore.indexes.delete","datastore.indexes.list","datastore.indexes.update","firebase.projects.get"]}
[info] 
[info] === Deploying to 'compare-my-trip-8e035'...
[info] 
[info] i  deploying firestore 
[info] i  firestore: ensuring required API firestore.googleapis.com is enabled... 
[info] i  firestore: ensuring required API firestore.googleapis.com is enabled... 
[debug] [2026-08-30T17:22:27.574Z] Checked if tokens are valid: true, expires at: 1788113135866
[debug] [2026-08-30T17:22:27.577Z] Checked if tokens are valid: true, expires at: 1788113135866
[debug] [2026-08-30T17:22:27.583Z] >>> [apiv2][query] GET https://firestore.googleapis.com/v1/projects/compare-my-trip-8e035/databases/(default) [none]
[debug] [2026-08-30T17:22:28.192Z] <<< [apiv2][status] GET https://firestore.googleapis.com/v1/projects/compare-my-trip-8e035/databases/(default) 200
[debug] [2026-08-30T17:22:28.193Z] <<< [apiv2][body] GET https://firestore.googleapis.com/v1/projects/compare-my-trip-8e035/databases/(default) {"name":"projects/compare-my-trip-8e035/databases/(default)","uid":"9297822c-73ff-4020-8e8d-3da198506472","createTime":"2026-08-25T07:54:05.961150Z","updateTime":"2026-08-25T07:54:05.961150Z","locationId":"asia-south1","type":"FIRESTORE_NATIVE","concurrencyMode":"PESSIMISTIC","versionRetentionPeriod":"3600s","earliestVersionTime":"2026-08-30T16:22:28.173573Z","appEngineIntegrationMode":"DISABLED","keyPrefix":"j","pointInTimeRecoveryEnablement":"POINT_IN_TIME_RECOVERY_DISABLED","deleteProtectionState":"DELETE_PROTECTION_DISABLED","databaseEdition":"STANDARD","freeTier":true,"realtimeUpdatesMode":"REALTIME_UPDATES_MODE_ENABLED","enhancedTextSearchQueryMode":"ENHANCED_QUERY_MODE_ENABLED","etag":"ILaErPDuyJYDMLKb06uou5YD"}
[info] i  cloud.firestore: checking firestore.rules for compilation errors... 
[debug] [2026-08-30T17:22:28.196Z] Checked if tokens are valid: true, expires at: 1788113135866
[debug] [2026-08-30T17:22:28.197Z] Checked if tokens are valid: true, expires at: 1788113135866
[debug] [2026-08-30T17:22:28.199Z] >>> [apiv2][query] POST https://firebaserules.googleapis.com/v1/projects/compare-my-trip-8e035:test [none]
[debug] [2026-08-30T17:22:28.199Z] >>> [apiv2][body] POST https://firebaserules.googleapis.com/v1/projects/compare-my-trip-8e035:test [omitted]
[debug] [2026-08-30T17:22:29.814Z] <<< [apiv2][status] POST https://firebaserules.googleapis.com/v1/projects/compare-my-trip-8e035:test 200
[debug] [2026-08-30T17:22:29.816Z] <<< [apiv2][body] POST https://firebaserules.googleapis.com/v1/projects/compare-my-trip-8e035:test {}
[info] ✔  cloud.firestore: rules file firestore.rules compiled successfully 
[debug] [2026-08-30T17:22:29.883Z] Checked if tokens are valid: true, expires at: 1788113135866
[debug] [2026-08-30T17:22:29.883Z] Checked if tokens are valid: true, expires at: 1788113135866
[debug] [2026-08-30T17:22:29.884Z] >>> [apiv2][query] GET https://firebaserules.googleapis.com/v1/projects/compare-my-trip-8e035/releases pageSize=10&pageToken=
[debug] [2026-08-30T17:22:31.292Z] <<< [apiv2][status] GET https://firebaserules.googleapis.com/v1/projects/compare-my-trip-8e035/releases 200
[debug] [2026-08-30T17:22:31.292Z] <<< [apiv2][body] GET https://firebaserules.googleapis.com/v1/projects/compare-my-trip-8e035/releases {"releases":[{"name":"projects/compare-my-trip-8e035/releases/cloud.firestore","rulesetName":"projects/compare-my-trip-8e035/rulesets/f49a1154-27a0-4fbf-bd95-acd12ea56060","createTime":"2026-08-25T07:54:09.678904Z","updateTime":"2026-08-30T17:10:52.332113Z"}]}
[debug] [2026-08-30T17:22:31.293Z] Checked if tokens are valid: true, expires at: 1788113135866
[debug] [2026-08-30T17:22:31.294Z] Checked if tokens are valid: true, expires at: 1788113135866
[debug] [2026-08-30T17:22:31.294Z] >>> [apiv2][query] GET https://firebaserules.googleapis.com/v1/projects/compare-my-trip-8e035/rulesets/f49a1154-27a0-4fbf-bd95-acd12ea56060 [none]
[debug] [2026-08-30T17:22:32.703Z] <<< [apiv2][status] GET https://firebaserules.googleapis.com/v1/projects/compare-my-trip-8e035/rulesets/f49a1154-27a0-4fbf-bd95-acd12ea56060 200
[debug] [2026-08-30T17:22:32.704Z] <<< [apiv2][body] GET https://firebaserules.googleapis.com/v1/projects/compare-my-trip-8e035/rulesets/f49a1154-27a0-4fbf-bd95-acd12ea56060 [omitted]
[info] i  firestore: uploading rules firestore.rules... 
[debug] [2026-08-30T17:22:32.709Z] Checked if tokens are valid: true, expires at: 1788113135866
[debug] [2026-08-30T17:22:32.709Z] Checked if tokens are valid: true, expires at: 1788113135866
[debug] [2026-08-30T17:22:32.710Z] >>> [apiv2][query] POST https://firebaserules.googleapis.com/v1/projects/compare-my-trip-8e035/rulesets [none]
[debug] [2026-08-30T17:22:32.710Z] >>> [apiv2][body] POST https://firebaserules.googleapis.com/v1/projects/compare-my-trip-8e035/rulesets [omitted]
[debug] [2026-08-30T17:22:34.098Z] <<< [apiv2][status] POST https://firebaserules.googleapis.com/v1/projects/compare-my-trip-8e035/rulesets 200
[debug] [2026-08-30T17:22:34.099Z] <<< [apiv2][body] POST https://firebaserules.googleapis.com/v1/projects/compare-my-trip-8e035/rulesets {"name":"projects/compare-my-trip-8e035/rulesets/dc1c6122-5c30-4d5f-b786-55adc2aaa668","source":{"files":[{"content":"rules_version = '2';\n\nservice cloud.firestore {\n  match /databases/{database}/documents {\n    function isAdmin() {\n      return request.auth != null\n        && exists(/databases/$(database)/documents/admins/$(request.auth.uid));\n    }\n\n    match /siteContent/homepage {\n      // Homepage content is public by design; only admins may publish it.\n      allow read: if true;\n      allow write: if isAdmin();\n    }\n\n    match /users/{userId} {\n      allow create, update, delete: if request.auth != null\n        && request.auth.uid == userId;\n      allow get: if (request.auth != null && request.auth.uid == userId)\n        || isAdmin();\n\n      // Customer contact details are visible only to explicitly authorized\n      // CRM accounts, never to every authenticated website customer.\n      allow list: if isAdmin();\n    }\n\n    match /admins/{adminId} {\n      // Admin membership is provisioned out-of-band in the Firebase console.\n      // Client applications can neither enumerate nor change this collection.\n      allow get: if request.auth != null && request.auth.uid == adminId;\n      allow list, create, update, delete: if false;\n    }\n\n    match /packages/{packageId} {\n      // Package products are public; only admins can manage them.\n      allow read: if true;\n      allow create, update, delete: if isAdmin();\n    }\n\n    match /{document=**} {\n      allow read, write: if false;\n    }\n  }\n}\n","name":"firestore.rules"}]},"createTime":"2026-08-30T17:22:33.978287Z","metadata":{"services":["cloud.firestore"]}}
[debug] [2026-08-30T17:22:34.099Z] [rules] created ruleset projects/compare-my-trip-8e035/rulesets/dc1c6122-5c30-4d5f-b786-55adc2aaa668
[debug] [2026-08-30T17:22:34.100Z] [rules] releasing cloud.firestore with ruleset projects/compare-my-trip-8e035/rulesets/dc1c6122-5c30-4d5f-b786-55adc2aaa668
[debug] [2026-08-30T17:22:34.101Z] Checked if tokens are valid: true, expires at: 1788113135866
[debug] [2026-08-30T17:22:34.101Z] Checked if tokens are valid: true, expires at: 1788113135866
[debug] [2026-08-30T17:22:34.102Z] >>> [apiv2][query] PATCH https://firebaserules.googleapis.com/v1/projects/compare-my-trip-8e035/releases/cloud.firestore [none]
[debug] [2026-08-30T17:22:34.102Z] >>> [apiv2][body] PATCH https://firebaserules.googleapis.com/v1/projects/compare-my-trip-8e035/releases/cloud.firestore {"release":{"name":"projects/compare-my-trip-8e035/releases/cloud.firestore","rulesetName":"projects/compare-my-trip-8e035/rulesets/dc1c6122-5c30-4d5f-b786-55adc2aaa668"}}
[debug] [2026-08-30T17:22:34.705Z] <<< [apiv2][status] PATCH https://firebaserules.googleapis.com/v1/projects/compare-my-trip-8e035/releases/cloud.firestore 200
[debug] [2026-08-30T17:22:34.706Z] <<< [apiv2][body] PATCH https://firebaserules.googleapis.com/v1/projects/compare-my-trip-8e035/releases/cloud.firestore {"name":"projects/compare-my-trip-8e035/releases/cloud.firestore","rulesetName":"projects/compare-my-trip-8e035/rulesets/dc1c6122-5c30-4d5f-b786-55adc2aaa668","createTime":"2026-08-25T07:54:09.678904Z","updateTime":"2026-08-30T17:22:34.573549Z"}
[debug] [2026-08-30T17:22:34.706Z] [rules] updated release projects/compare-my-trip-8e035/releases/cloud.firestore
[info] ✔  firestore: released rules firestore.rules to cloud.firestore 
[info] 
[info] ✔  Deploy complete! 
[info] 
[info] Project Console: https://console.firebase.google.com/project/compare-my-trip-8e035/overview
[debug] [2026-08-30T18:35:11.336Z] ----------------------------------------------------------------------
[debug] [2026-08-30T18:35:11.340Z] Command:       /Users/dakshtandel/.nvm/versions/node/v22.17.1/bin/node /Users/dakshtandel/.npm/_npx/7750544ccf494d8b/node_modules/.bin/firebase deploy --only firestore:rules --project compare-my-trip-8e035
[debug] [2026-08-30T18:35:11.340Z] CLI Version:   15.28.2
[debug] [2026-08-30T18:35:11.341Z] Platform:      darwin
[debug] [2026-08-30T18:35:11.341Z] Node Version:  v22.17.1
[debug] [2026-08-30T18:35:11.341Z] Detected Agent: codex_cli
[debug] [2026-08-30T18:35:11.341Z] Time:          Mon Aug 31 2026 00:05:11 GMT+0530 (India Standard Time)
[debug] [2026-08-30T18:35:11.341Z] ----------------------------------------------------------------------
[debug] 
[debug] [2026-08-30T18:35:13.089Z] > command requires scopes: ["email","openid","https://www.googleapis.com/auth/cloudplatformprojects.readonly","https://www.googleapis.com/auth/firebase","https://www.googleapis.com/auth/cloud-platform"]
[debug] [2026-08-30T18:35:13.090Z] > authorizing via signed-in user (dakshtandel943@gmail.com)
[debug] [2026-08-30T18:35:13.090Z] [iam] checking project compare-my-trip-8e035 for permissions ["datastore.indexes.create","datastore.indexes.delete","datastore.indexes.list","datastore.indexes.update","firebase.projects.get"]
[debug] [2026-08-30T18:35:13.101Z] Checked if tokens are valid: false, expires at: 1788113135866
[debug] [2026-08-30T18:35:13.101Z] Checked if tokens are valid: false, expires at: 1788113135866
[debug] [2026-08-30T18:35:13.101Z] > refreshing access token with scopes: []
[debug] [2026-08-30T18:35:13.103Z] >>> [apiv2][query] POST https://www.googleapis.com/oauth2/v3/token [none]
[debug] [2026-08-30T18:35:13.104Z] >>> [apiv2][body] POST https://www.googleapis.com/oauth2/v3/token [omitted]
[debug] [2026-08-30T18:35:13.574Z] <<< [apiv2][status] POST https://www.googleapis.com/oauth2/v3/token 200
[debug] [2026-08-30T18:35:13.574Z] <<< [apiv2][body] POST https://www.googleapis.com/oauth2/v3/token [omitted]
[debug] [2026-08-30T18:35:13.587Z] >>> [apiv2][query] POST https://cloudresourcemanager.googleapis.com/v1/projects/compare-my-trip-8e035:testIamPermissions [none]
[debug] [2026-08-30T18:35:13.587Z] >>> [apiv2][(partial)header] POST https://cloudresourcemanager.googleapis.com/v1/projects/compare-my-trip-8e035:testIamPermissions  x-goog-user-project=compare-my-trip-8e035
[debug] [2026-08-30T18:35:13.588Z] >>> [apiv2][body] POST https://cloudresourcemanager.googleapis.com/v1/projects/compare-my-trip-8e035:testIamPermissions {"permissions":["datastore.indexes.create","datastore.indexes.delete","datastore.indexes.list","datastore.indexes.update","firebase.projects.get"]}
[debug] [2026-08-30T18:35:15.026Z] <<< [apiv2][status] POST https://cloudresourcemanager.googleapis.com/v1/projects/compare-my-trip-8e035:testIamPermissions 200
[debug] [2026-08-30T18:35:15.027Z] <<< [apiv2][body] POST https://cloudresourcemanager.googleapis.com/v1/projects/compare-my-trip-8e035:testIamPermissions {"permissions":["datastore.indexes.create","datastore.indexes.delete","datastore.indexes.list","datastore.indexes.update","firebase.projects.get"]}
[info] 
[info] === Deploying to 'compare-my-trip-8e035'...
[info] 
[info] i  deploying firestore 
[info] i  firestore: ensuring required API firestore.googleapis.com is enabled... 
[info] i  firestore: ensuring required API firestore.googleapis.com is enabled... 
[debug] [2026-08-30T18:35:15.036Z] Checked if tokens are valid: true, expires at: 1788118512574
[debug] [2026-08-30T18:35:15.036Z] Checked if tokens are valid: true, expires at: 1788118512574
[debug] [2026-08-30T18:35:15.037Z] >>> [apiv2][query] GET https://firestore.googleapis.com/v1/projects/compare-my-trip-8e035/databases/(default) [none]
[debug] [2026-08-30T18:35:15.519Z] <<< [apiv2][status] GET https://firestore.googleapis.com/v1/projects/compare-my-trip-8e035/databases/(default) 200
[debug] [2026-08-30T18:35:15.520Z] <<< [apiv2][body] GET https://firestore.googleapis.com/v1/projects/compare-my-trip-8e035/databases/(default) {"name":"projects/compare-my-trip-8e035/databases/(default)","uid":"9297822c-73ff-4020-8e8d-3da198506472","createTime":"2026-08-25T07:54:05.961150Z","updateTime":"2026-08-25T07:54:05.961150Z","locationId":"asia-south1","type":"FIRESTORE_NATIVE","concurrencyMode":"PESSIMISTIC","versionRetentionPeriod":"3600s","earliestVersionTime":"2026-08-30T17:35:15.506471Z","appEngineIntegrationMode":"DISABLED","keyPrefix":"j","pointInTimeRecoveryEnablement":"POINT_IN_TIME_RECOVERY_DISABLED","deleteProtectionState":"DELETE_PROTECTION_DISABLED","databaseEdition":"STANDARD","freeTier":true,"realtimeUpdatesMode":"REALTIME_UPDATES_MODE_ENABLED","enhancedTextSearchQueryMode":"ENHANCED_QUERY_MODE_ENABLED","etag":"IK/w7JL/yJYDMPCtwJH0yJYD"}
[info] i  cloud.firestore: checking firestore.rules for compilation errors... 
[debug] [2026-08-30T18:35:15.523Z] Checked if tokens are valid: true, expires at: 1788118512574
[debug] [2026-08-30T18:35:15.523Z] Checked if tokens are valid: true, expires at: 1788118512574
[debug] [2026-08-30T18:35:15.524Z] >>> [apiv2][query] POST https://firebaserules.googleapis.com/v1/projects/compare-my-trip-8e035:test [none]
[debug] [2026-08-30T18:35:15.524Z] >>> [apiv2][body] POST https://firebaserules.googleapis.com/v1/projects/compare-my-trip-8e035:test [omitted]
[debug] [2026-08-30T18:35:16.136Z] <<< [apiv2][status] POST https://firebaserules.googleapis.com/v1/projects/compare-my-trip-8e035:test 200
[debug] [2026-08-30T18:35:16.136Z] <<< [apiv2][body] POST https://firebaserules.googleapis.com/v1/projects/compare-my-trip-8e035:test {}
[info] ✔  cloud.firestore: rules file firestore.rules compiled successfully 
[debug] [2026-08-30T18:35:16.140Z] Checked if tokens are valid: true, expires at: 1788118512574
[debug] [2026-08-30T18:35:16.140Z] Checked if tokens are valid: true, expires at: 1788118512574
[debug] [2026-08-30T18:35:16.141Z] >>> [apiv2][query] GET https://firebaserules.googleapis.com/v1/projects/compare-my-trip-8e035/releases pageSize=10&pageToken=
[debug] [2026-08-30T18:35:17.665Z] <<< [apiv2][status] GET https://firebaserules.googleapis.com/v1/projects/compare-my-trip-8e035/releases 200
[debug] [2026-08-30T18:35:17.666Z] <<< [apiv2][body] GET https://firebaserules.googleapis.com/v1/projects/compare-my-trip-8e035/releases {"releases":[{"name":"projects/compare-my-trip-8e035/releases/cloud.firestore","rulesetName":"projects/compare-my-trip-8e035/rulesets/dc1c6122-5c30-4d5f-b786-55adc2aaa668","createTime":"2026-08-25T07:54:09.678904Z","updateTime":"2026-08-30T17:22:34.573549Z"}]}
[debug] [2026-08-30T18:35:17.667Z] Checked if tokens are valid: true, expires at: 1788118512574
[debug] [2026-08-30T18:35:17.667Z] Checked if tokens are valid: true, expires at: 1788118512574
[debug] [2026-08-30T18:35:17.667Z] >>> [apiv2][query] GET https://firebaserules.googleapis.com/v1/projects/compare-my-trip-8e035/rulesets/dc1c6122-5c30-4d5f-b786-55adc2aaa668 [none]
[debug] [2026-08-30T18:35:19.010Z] <<< [apiv2][status] GET https://firebaserules.googleapis.com/v1/projects/compare-my-trip-8e035/rulesets/dc1c6122-5c30-4d5f-b786-55adc2aaa668 200
[debug] [2026-08-30T18:35:19.011Z] <<< [apiv2][body] GET https://firebaserules.googleapis.com/v1/projects/compare-my-trip-8e035/rulesets/dc1c6122-5c30-4d5f-b786-55adc2aaa668 [omitted]
[info] i  firestore: uploading rules firestore.rules... 
[debug] [2026-08-30T18:35:19.016Z] Checked if tokens are valid: true, expires at: 1788118512574
[debug] [2026-08-30T18:35:19.016Z] Checked if tokens are valid: true, expires at: 1788118512574
[debug] [2026-08-30T18:35:19.016Z] >>> [apiv2][query] POST https://firebaserules.googleapis.com/v1/projects/compare-my-trip-8e035/rulesets [none]
[debug] [2026-08-30T18:35:19.016Z] >>> [apiv2][body] POST https://firebaserules.googleapis.com/v1/projects/compare-my-trip-8e035/rulesets [omitted]
[debug] [2026-08-30T18:35:20.425Z] <<< [apiv2][status] POST https://firebaserules.googleapis.com/v1/projects/compare-my-trip-8e035/rulesets 200
[debug] [2026-08-30T18:35:20.425Z] <<< [apiv2][body] POST https://firebaserules.googleapis.com/v1/projects/compare-my-trip-8e035/rulesets {"name":"projects/compare-my-trip-8e035/rulesets/43a8205d-7027-4d2f-a13b-b933d0b87560","source":{"files":[{"content":"rules_version = '2';\n\nservice cloud.firestore {\n  match /databases/{database}/documents {\n    function isAdmin() {\n      return request.auth != null\n        && exists(/databases/$(database)/documents/admins/$(request.auth.uid));\n    }\n\n    match /siteContent/homepage {\n      // Homepage content is public by design; only admins may publish it.\n      allow read: if true;\n      allow write: if isAdmin();\n    }\n\n    match /users/{userId} {\n      allow create, update, delete: if request.auth != null\n        && request.auth.uid == userId;\n      allow get: if (request.auth != null && request.auth.uid == userId)\n        || isAdmin();\n\n      // Customer contact details are visible only to explicitly authorized\n      // CRM accounts, never to every authenticated website customer.\n      allow list: if isAdmin();\n    }\n\n    match /newsletterSubscribers/{subscriberId} {\n      function validSubscription() {\n        return request.resource.data.keys().hasOnly(['email', 'subscribedAt'])\n          && request.resource.data.email is string\n          && request.resource.data.email.size() > 3\n          && request.resource.data.email.size() <= 254\n          && request.resource.data.email.matches('^[^\\\\s@]+@[^\\\\s@]+\\\\.[^\\\\s@]+$')\n          && request.resource.data.subscribedAt == request.time;\n      }\n\n      allow create: if validSubscription();\n      allow update: if validSubscription()\n        && request.resource.data.email == resource.data.email;\n      allow read, delete: if isAdmin();\n    }\n\n    match /admins/{adminId} {\n      // Admin membership is provisioned out-of-band in the Firebase console.\n      // Client applications can neither enumerate nor change this collection.\n      allow get: if request.auth != null && request.auth.uid == adminId;\n      allow list, create, update, delete: if false;\n    }\n\n    match /packages/{packageId} {\n      // Package products are public; only admins can manage them.\n      allow read: if true;\n      allow create, update, delete: if isAdmin();\n    }\n\n    match /{document=**} {\n      allow read, write: if false;\n    }\n  }\n}\n","name":"firestore.rules"}]},"createTime":"2026-08-30T18:35:20.285311Z","metadata":{"services":["cloud.firestore"]}}
[debug] [2026-08-30T18:35:20.425Z] [rules] created ruleset projects/compare-my-trip-8e035/rulesets/43a8205d-7027-4d2f-a13b-b933d0b87560
[debug] [2026-08-30T18:35:20.426Z] [rules] releasing cloud.firestore with ruleset projects/compare-my-trip-8e035/rulesets/43a8205d-7027-4d2f-a13b-b933d0b87560
[debug] [2026-08-30T18:35:20.426Z] Checked if tokens are valid: true, expires at: 1788118512574
[debug] [2026-08-30T18:35:20.426Z] Checked if tokens are valid: true, expires at: 1788118512574
[debug] [2026-08-30T18:35:20.426Z] >>> [apiv2][query] PATCH https://firebaserules.googleapis.com/v1/projects/compare-my-trip-8e035/releases/cloud.firestore [none]
[debug] [2026-08-30T18:35:20.427Z] >>> [apiv2][body] PATCH https://firebaserules.googleapis.com/v1/projects/compare-my-trip-8e035/releases/cloud.firestore {"release":{"name":"projects/compare-my-trip-8e035/releases/cloud.firestore","rulesetName":"projects/compare-my-trip-8e035/rulesets/43a8205d-7027-4d2f-a13b-b933d0b87560"}}
[debug] [2026-08-30T18:35:21.856Z] <<< [apiv2][status] PATCH https://firebaserules.googleapis.com/v1/projects/compare-my-trip-8e035/releases/cloud.firestore 200
[debug] [2026-08-30T18:35:21.857Z] <<< [apiv2][body] PATCH https://firebaserules.googleapis.com/v1/projects/compare-my-trip-8e035/releases/cloud.firestore {"name":"projects/compare-my-trip-8e035/releases/cloud.firestore","rulesetName":"projects/compare-my-trip-8e035/rulesets/43a8205d-7027-4d2f-a13b-b933d0b87560","createTime":"2026-08-25T07:54:09.678904Z","updateTime":"2026-08-30T18:35:21.716890Z"}
[debug] [2026-08-30T18:35:21.857Z] [rules] updated release projects/compare-my-trip-8e035/releases/cloud.firestore
[info] ✔  firestore: released rules firestore.rules to cloud.firestore 
[info] 
[info] ✔  Deploy complete! 
[info] 
[info] Project Console: https://console.firebase.google.com/project/compare-my-trip-8e035/overview
[debug] [2026-08-30T18:39:36.719Z] ----------------------------------------------------------------------
[debug] [2026-08-30T18:39:36.721Z] Command:       /Users/dakshtandel/.nvm/versions/node/v22.17.1/bin/node /Users/dakshtandel/.npm/_npx/7750544ccf494d8b/node_modules/.bin/firebase deploy --only firestore:rules --project compare-my-trip-8e035
[debug] [2026-08-30T18:39:36.722Z] CLI Version:   15.28.2
[debug] [2026-08-30T18:39:36.722Z] Platform:      darwin
[debug] [2026-08-30T18:39:36.722Z] Node Version:  v22.17.1
[debug] [2026-08-30T18:39:36.722Z] Detected Agent: codex_cli
[debug] [2026-08-30T18:39:36.722Z] Time:          Mon Aug 31 2026 00:09:36 GMT+0530 (India Standard Time)
[debug] [2026-08-30T18:39:36.723Z] ----------------------------------------------------------------------
[debug] 
[debug] [2026-08-30T18:39:37.778Z] > command requires scopes: ["email","openid","https://www.googleapis.com/auth/cloudplatformprojects.readonly","https://www.googleapis.com/auth/firebase","https://www.googleapis.com/auth/cloud-platform"]
[debug] [2026-08-30T18:39:37.779Z] > authorizing via signed-in user (dakshtandel943@gmail.com)
[debug] [2026-08-30T18:39:37.779Z] [iam] checking project compare-my-trip-8e035 for permissions ["datastore.indexes.create","datastore.indexes.delete","datastore.indexes.list","datastore.indexes.update","firebase.projects.get"]
[debug] [2026-08-30T18:39:37.791Z] Checked if tokens are valid: true, expires at: 1788118512574
[debug] [2026-08-30T18:39:37.792Z] Checked if tokens are valid: true, expires at: 1788118512574
[debug] [2026-08-30T18:39:37.793Z] >>> [apiv2][query] POST https://cloudresourcemanager.googleapis.com/v1/projects/compare-my-trip-8e035:testIamPermissions [none]
[debug] [2026-08-30T18:39:37.793Z] >>> [apiv2][(partial)header] POST https://cloudresourcemanager.googleapis.com/v1/projects/compare-my-trip-8e035:testIamPermissions  x-goog-user-project=compare-my-trip-8e035
[debug] [2026-08-30T18:39:37.793Z] >>> [apiv2][body] POST https://cloudresourcemanager.googleapis.com/v1/projects/compare-my-trip-8e035:testIamPermissions {"permissions":["datastore.indexes.create","datastore.indexes.delete","datastore.indexes.list","datastore.indexes.update","firebase.projects.get"]}
[debug] [2026-08-30T18:39:39.358Z] <<< [apiv2][status] POST https://cloudresourcemanager.googleapis.com/v1/projects/compare-my-trip-8e035:testIamPermissions 200
[debug] [2026-08-30T18:39:39.358Z] <<< [apiv2][body] POST https://cloudresourcemanager.googleapis.com/v1/projects/compare-my-trip-8e035:testIamPermissions {"permissions":["datastore.indexes.create","datastore.indexes.delete","datastore.indexes.list","datastore.indexes.update","firebase.projects.get"]}
[info] 
[info] === Deploying to 'compare-my-trip-8e035'...
[info] 
[info] i  deploying firestore 
[info] i  firestore: ensuring required API firestore.googleapis.com is enabled... 
[info] i  firestore: ensuring required API firestore.googleapis.com is enabled... 
[debug] [2026-08-30T18:39:39.362Z] Checked if tokens are valid: true, expires at: 1788118512574
[debug] [2026-08-30T18:39:39.362Z] Checked if tokens are valid: true, expires at: 1788118512574
[debug] [2026-08-30T18:39:39.362Z] >>> [apiv2][query] GET https://firestore.googleapis.com/v1/projects/compare-my-trip-8e035/databases/(default) [none]
[debug] [2026-08-30T18:39:40.067Z] <<< [apiv2][status] GET https://firestore.googleapis.com/v1/projects/compare-my-trip-8e035/databases/(default) 200
[debug] [2026-08-30T18:39:40.068Z] <<< [apiv2][body] GET https://firestore.googleapis.com/v1/projects/compare-my-trip-8e035/databases/(default) {"name":"projects/compare-my-trip-8e035/databases/(default)","uid":"9297822c-73ff-4020-8e8d-3da198506472","createTime":"2026-08-25T07:54:05.961150Z","updateTime":"2026-08-25T07:54:05.961150Z","locationId":"asia-south1","type":"FIRESTORE_NATIVE","concurrencyMode":"PESSIMISTIC","versionRetentionPeriod":"3600s","earliestVersionTime":"2026-08-30T17:39:39.913581Z","appEngineIntegrationMode":"DISABLED","keyPrefix":"j","pointInTimeRecoveryEnablement":"POINT_IN_TIME_RECOVERY_DISABLED","deleteProtectionState":"DELETE_PROTECTION_DISABLED","databaseEdition":"STANDARD","freeTier":true,"realtimeUpdatesMode":"REALTIME_UPDATES_MODE_ENABLED","enhancedTextSearchQueryMode":"ENHANCED_QUERY_MODE_ENABLED","etag":"IOf19pCAyZYDMPCtwJH0yJYD"}
[info] i  cloud.firestore: checking firestore.rules for compilation errors... 
[debug] [2026-08-30T18:39:40.073Z] Checked if tokens are valid: true, expires at: 1788118512574
[debug] [2026-08-30T18:39:40.073Z] Checked if tokens are valid: true, expires at: 1788118512574
[debug] [2026-08-30T18:39:40.073Z] >>> [apiv2][query] POST https://firebaserules.googleapis.com/v1/projects/compare-my-trip-8e035:test [none]
[debug] [2026-08-30T18:39:40.073Z] >>> [apiv2][body] POST https://firebaserules.googleapis.com/v1/projects/compare-my-trip-8e035:test [omitted]
[debug] [2026-08-30T18:39:41.641Z] <<< [apiv2][status] POST https://firebaserules.googleapis.com/v1/projects/compare-my-trip-8e035:test 200
[debug] [2026-08-30T18:39:41.642Z] <<< [apiv2][body] POST https://firebaserules.googleapis.com/v1/projects/compare-my-trip-8e035:test {}
[info] ✔  cloud.firestore: rules file firestore.rules compiled successfully 
[debug] [2026-08-30T18:39:41.645Z] Checked if tokens are valid: true, expires at: 1788118512574
[debug] [2026-08-30T18:39:41.645Z] Checked if tokens are valid: true, expires at: 1788118512574
[debug] [2026-08-30T18:39:41.647Z] >>> [apiv2][query] GET https://firebaserules.googleapis.com/v1/projects/compare-my-trip-8e035/releases pageSize=10&pageToken=
[debug] [2026-08-30T18:39:43.152Z] <<< [apiv2][status] GET https://firebaserules.googleapis.com/v1/projects/compare-my-trip-8e035/releases 200
[debug] [2026-08-30T18:39:43.152Z] <<< [apiv2][body] GET https://firebaserules.googleapis.com/v1/projects/compare-my-trip-8e035/releases {"releases":[{"name":"projects/compare-my-trip-8e035/releases/cloud.firestore","rulesetName":"projects/compare-my-trip-8e035/rulesets/43a8205d-7027-4d2f-a13b-b933d0b87560","createTime":"2026-08-25T07:54:09.678904Z","updateTime":"2026-08-30T18:35:21.716890Z"}]}
[debug] [2026-08-30T18:39:43.153Z] Checked if tokens are valid: true, expires at: 1788118512574
[debug] [2026-08-30T18:39:43.153Z] Checked if tokens are valid: true, expires at: 1788118512574
[debug] [2026-08-30T18:39:43.154Z] >>> [apiv2][query] GET https://firebaserules.googleapis.com/v1/projects/compare-my-trip-8e035/rulesets/43a8205d-7027-4d2f-a13b-b933d0b87560 [none]
[debug] [2026-08-30T18:39:44.562Z] <<< [apiv2][status] GET https://firebaserules.googleapis.com/v1/projects/compare-my-trip-8e035/rulesets/43a8205d-7027-4d2f-a13b-b933d0b87560 200
[debug] [2026-08-30T18:39:44.563Z] <<< [apiv2][body] GET https://firebaserules.googleapis.com/v1/projects/compare-my-trip-8e035/rulesets/43a8205d-7027-4d2f-a13b-b933d0b87560 [omitted]
[info] i  firestore: uploading rules firestore.rules... 
[debug] [2026-08-30T18:39:44.568Z] Checked if tokens are valid: true, expires at: 1788118512574
[debug] [2026-08-30T18:39:44.568Z] Checked if tokens are valid: true, expires at: 1788118512574
[debug] [2026-08-30T18:39:44.571Z] >>> [apiv2][query] POST https://firebaserules.googleapis.com/v1/projects/compare-my-trip-8e035/rulesets [none]
[debug] [2026-08-30T18:39:44.572Z] >>> [apiv2][body] POST https://firebaserules.googleapis.com/v1/projects/compare-my-trip-8e035/rulesets [omitted]
[debug] [2026-08-30T18:39:44.979Z] <<< [apiv2][status] POST https://firebaserules.googleapis.com/v1/projects/compare-my-trip-8e035/rulesets 200
[debug] [2026-08-30T18:39:44.980Z] <<< [apiv2][body] POST https://firebaserules.googleapis.com/v1/projects/compare-my-trip-8e035/rulesets {"name":"projects/compare-my-trip-8e035/rulesets/0b23579d-a668-4389-a3ee-2b0633512670","source":{"files":[{"content":"rules_version = '2';\n\nservice cloud.firestore {\n  match /databases/{database}/documents {\n    function isAdmin() {\n      return request.auth != null\n        && exists(/databases/$(database)/documents/admins/$(request.auth.uid));\n    }\n\n    match /siteContent/homepage {\n      // Homepage content is public by design; only admins may publish it.\n      allow read: if true;\n      allow write: if isAdmin();\n    }\n\n    match /users/{userId} {\n      allow create, update, delete: if request.auth != null\n        && request.auth.uid == userId;\n      allow get: if (request.auth != null && request.auth.uid == userId)\n        || isAdmin();\n\n      // Customer contact details are visible only to explicitly authorized\n      // CRM accounts, never to every authenticated website customer.\n      allow list: if isAdmin();\n    }\n\n    match /newsletterSubscribers/{subscriberId} {\n      function validSubscription() {\n        return request.resource.data.keys().hasOnly(['email', 'subscribedAt'])\n          && request.resource.data.email is string\n          && request.resource.data.email.size() > 3\n          && request.resource.data.email.size() <= 254\n          && request.resource.data.email.matches('^[^\\\\s@]+@[^\\\\s@]+\\\\.[^\\\\s@]+$')\n          && request.resource.data.subscribedAt == request.time;\n      }\n\n      allow create: if validSubscription();\n      allow update: if validSubscription()\n        && request.resource.data.email == resource.data.email;\n      allow read, delete: if isAdmin();\n    }\n\n    match /contactEnquiries/{enquiryId} {\n      function validNewEnquiry() {\n        return request.resource.data.keys().hasOnly([\n          'name', 'email', 'phone', 'destination', 'departure',\n          'travellers', 'message', 'status', 'submittedAt'\n        ])\n          && request.resource.data.name is string\n          && request.resource.data.name.size() >= 2\n          && request.resource.data.name.size() <= 120\n          && request.resource.data.email is string\n          && request.resource.data.email.size() <= 254\n          && request.resource.data.email.matches('^[^\\\\s@]+@[^\\\\s@]+\\\\.[^\\\\s@]+$')\n          && request.resource.data.phone is string\n          && request.resource.data.phone.size() >= 7\n          && request.resource.data.phone.size() <= 24\n          && request.resource.data.destination is string\n          && request.resource.data.destination.size() <= 160\n          && request.resource.data.departure is string\n          && request.resource.data.departure.size() <= 20\n          && request.resource.data.travellers is string\n          && request.resource.data.travellers.size() <= 20\n          && request.resource.data.message is string\n          && request.resource.data.message.size() >= 2\n          && request.resource.data.message.size() <= 5000\n          && request.resource.data.status == 'not_contacted'\n          && request.resource.data.submittedAt == request.time;\n      }\n\n      allow create: if validNewEnquiry();\n      allow read, update, delete: if isAdmin();\n    }\n\n    match /admins/{adminId} {\n      // Admin membership is provisioned out-of-band in the Firebase console.\n      // Client applications can neither enumerate nor change this collection.\n      allow get: if request.auth != null && request.auth.uid == adminId;\n      allow list, create, update, delete: if false;\n    }\n\n    match /packages/{packageId} {\n      // Package products are public; only admins can manage them.\n      allow read: if true;\n      allow create, update, delete: if isAdmin();\n    }\n\n    match /{document=**} {\n      allow read, write: if false;\n    }\n  }\n}\n","name":"firestore.rules"}]},"createTime":"2026-08-30T18:39:44.850447Z","metadata":{"services":["cloud.firestore"]}}
[debug] [2026-08-30T18:39:44.980Z] [rules] created ruleset projects/compare-my-trip-8e035/rulesets/0b23579d-a668-4389-a3ee-2b0633512670
[debug] [2026-08-30T18:39:44.981Z] [rules] releasing cloud.firestore with ruleset projects/compare-my-trip-8e035/rulesets/0b23579d-a668-4389-a3ee-2b0633512670
[debug] [2026-08-30T18:39:44.982Z] Checked if tokens are valid: true, expires at: 1788118512574
[debug] [2026-08-30T18:39:44.983Z] Checked if tokens are valid: true, expires at: 1788118512574
[debug] [2026-08-30T18:39:44.984Z] >>> [apiv2][query] PATCH https://firebaserules.googleapis.com/v1/projects/compare-my-trip-8e035/releases/cloud.firestore [none]
[debug] [2026-08-30T18:39:44.984Z] >>> [apiv2][body] PATCH https://firebaserules.googleapis.com/v1/projects/compare-my-trip-8e035/releases/cloud.firestore {"release":{"name":"projects/compare-my-trip-8e035/releases/cloud.firestore","rulesetName":"projects/compare-my-trip-8e035/rulesets/0b23579d-a668-4389-a3ee-2b0633512670"}}
[debug] [2026-08-30T18:39:46.406Z] <<< [apiv2][status] PATCH https://firebaserules.googleapis.com/v1/projects/compare-my-trip-8e035/releases/cloud.firestore 200
[debug] [2026-08-30T18:39:46.407Z] <<< [apiv2][body] PATCH https://firebaserules.googleapis.com/v1/projects/compare-my-trip-8e035/releases/cloud.firestore {"name":"projects/compare-my-trip-8e035/releases/cloud.firestore","rulesetName":"projects/compare-my-trip-8e035/rulesets/0b23579d-a668-4389-a3ee-2b0633512670","createTime":"2026-08-25T07:54:09.678904Z","updateTime":"2026-08-30T18:39:46.251866Z"}
[debug] [2026-08-30T18:39:46.407Z] [rules] updated release projects/compare-my-trip-8e035/releases/cloud.firestore
[info] ✔  firestore: released rules firestore.rules to cloud.firestore 
[info] 
[info] ✔  Deploy complete! 
[info] 
[info] Project Console: https://console.firebase.google.com/project/compare-my-trip-8e035/overview
[debug] [2026-08-30T19:33:45.823Z] ----------------------------------------------------------------------
[debug] [2026-08-30T19:33:45.826Z] Command:       /Users/dakshtandel/.nvm/versions/node/v22.17.1/bin/node /Users/dakshtandel/.npm/_npx/7750544ccf494d8b/node_modules/.bin/firebase deploy --only firestore:rules --project compare-my-trip-8e035
[debug] [2026-08-30T19:33:45.827Z] CLI Version:   15.28.2
[debug] [2026-08-30T19:33:45.827Z] Platform:      darwin
[debug] [2026-08-30T19:33:45.827Z] Node Version:  v22.17.1
[debug] [2026-08-30T19:33:45.828Z] Detected Agent: codex_cli
[debug] [2026-08-30T19:33:45.828Z] Time:          Mon Aug 31 2026 01:03:45 GMT+0530 (India Standard Time)
[debug] [2026-08-30T19:33:45.829Z] ----------------------------------------------------------------------
[debug] 
[debug] [2026-08-30T19:33:46.847Z] > command requires scopes: ["email","openid","https://www.googleapis.com/auth/cloudplatformprojects.readonly","https://www.googleapis.com/auth/firebase","https://www.googleapis.com/auth/cloud-platform"]
[debug] [2026-08-30T19:33:46.847Z] > authorizing via signed-in user (dakshtandel943@gmail.com)
[debug] [2026-08-30T19:33:46.848Z] [iam] checking project compare-my-trip-8e035 for permissions ["datastore.indexes.create","datastore.indexes.delete","datastore.indexes.list","datastore.indexes.update","firebase.projects.get"]
[debug] [2026-08-30T19:33:46.856Z] Checked if tokens are valid: false, expires at: 1788118512574
[debug] [2026-08-30T19:33:46.856Z] Checked if tokens are valid: false, expires at: 1788118512574
[debug] [2026-08-30T19:33:46.856Z] > refreshing access token with scopes: []
[debug] [2026-08-30T19:33:46.858Z] >>> [apiv2][query] POST https://www.googleapis.com/oauth2/v3/token [none]
[debug] [2026-08-30T19:33:46.859Z] >>> [apiv2][body] POST https://www.googleapis.com/oauth2/v3/token [omitted]
[debug] [2026-08-30T19:33:47.195Z] <<< [apiv2][status] POST https://www.googleapis.com/oauth2/v3/token 200
[debug] [2026-08-30T19:33:47.195Z] <<< [apiv2][body] POST https://www.googleapis.com/oauth2/v3/token [omitted]
[debug] [2026-08-30T19:33:47.214Z] >>> [apiv2][query] POST https://cloudresourcemanager.googleapis.com/v1/projects/compare-my-trip-8e035:testIamPermissions [none]
[debug] [2026-08-30T19:33:47.214Z] >>> [apiv2][(partial)header] POST https://cloudresourcemanager.googleapis.com/v1/projects/compare-my-trip-8e035:testIamPermissions  x-goog-user-project=compare-my-trip-8e035
[debug] [2026-08-30T19:33:47.214Z] >>> [apiv2][body] POST https://cloudresourcemanager.googleapis.com/v1/projects/compare-my-trip-8e035:testIamPermissions {"permissions":["datastore.indexes.create","datastore.indexes.delete","datastore.indexes.list","datastore.indexes.update","firebase.projects.get"]}
[debug] [2026-08-30T19:33:48.696Z] <<< [apiv2][status] POST https://cloudresourcemanager.googleapis.com/v1/projects/compare-my-trip-8e035:testIamPermissions 200
[debug] [2026-08-30T19:33:48.697Z] <<< [apiv2][body] POST https://cloudresourcemanager.googleapis.com/v1/projects/compare-my-trip-8e035:testIamPermissions {"permissions":["datastore.indexes.create","datastore.indexes.delete","datastore.indexes.list","datastore.indexes.update","firebase.projects.get"]}
[info] 
[info] === Deploying to 'compare-my-trip-8e035'...
[info] 
[info] i  deploying firestore 
[info] i  firestore: ensuring required API firestore.googleapis.com is enabled... 
[info] i  firestore: ensuring required API firestore.googleapis.com is enabled... 
[debug] [2026-08-30T19:33:48.704Z] Checked if tokens are valid: true, expires at: 1788122026195
[debug] [2026-08-30T19:33:48.705Z] Checked if tokens are valid: true, expires at: 1788122026195
[debug] [2026-08-30T19:33:48.705Z] >>> [apiv2][query] GET https://firestore.googleapis.com/v1/projects/compare-my-trip-8e035/databases/(default) [none]
[debug] [2026-08-30T19:33:49.203Z] <<< [apiv2][status] GET https://firestore.googleapis.com/v1/projects/compare-my-trip-8e035/databases/(default) 200
[debug] [2026-08-30T19:33:49.203Z] <<< [apiv2][body] GET https://firestore.googleapis.com/v1/projects/compare-my-trip-8e035/databases/(default) {"name":"projects/compare-my-trip-8e035/databases/(default)","uid":"9297822c-73ff-4020-8e8d-3da198506472","createTime":"2026-08-25T07:54:05.961150Z","updateTime":"2026-08-25T07:54:05.961150Z","locationId":"asia-south1","type":"FIRESTORE_NATIVE","concurrencyMode":"PESSIMISTIC","versionRetentionPeriod":"3600s","earliestVersionTime":"2026-08-30T18:33:49.195992Z","appEngineIntegrationMode":"DISABLED","keyPrefix":"j","pointInTimeRecoveryEnablement":"POINT_IN_TIME_RECOVERY_DISABLED","deleteProtectionState":"DELETE_PROTECTION_DISABLED","databaseEdition":"STANDARD","freeTier":true,"realtimeUpdatesMode":"REALTIME_UPDATES_MODE_ENABLED","enhancedTextSearchQueryMode":"ENHANCED_QUERY_MODE_ENABLED","etag":"IOK5p56MyZYDMPCtwJH0yJYD"}
[info] i  cloud.firestore: checking firestore.rules for compilation errors... 
[debug] [2026-08-30T19:33:49.210Z] Checked if tokens are valid: true, expires at: 1788122026195
[debug] [2026-08-30T19:33:49.211Z] Checked if tokens are valid: true, expires at: 1788122026195
[debug] [2026-08-30T19:33:49.211Z] >>> [apiv2][query] POST https://firebaserules.googleapis.com/v1/projects/compare-my-trip-8e035:test [none]
[debug] [2026-08-30T19:33:49.211Z] >>> [apiv2][body] POST https://firebaserules.googleapis.com/v1/projects/compare-my-trip-8e035:test [omitted]
[debug] [2026-08-30T19:33:50.923Z] <<< [apiv2][status] POST https://firebaserules.googleapis.com/v1/projects/compare-my-trip-8e035:test 200
[debug] [2026-08-30T19:33:50.923Z] <<< [apiv2][body] POST https://firebaserules.googleapis.com/v1/projects/compare-my-trip-8e035:test {}
[info] ✔  cloud.firestore: rules file firestore.rules compiled successfully 
[debug] [2026-08-30T19:33:50.925Z] Checked if tokens are valid: true, expires at: 1788122026195
[debug] [2026-08-30T19:33:50.925Z] Checked if tokens are valid: true, expires at: 1788122026195
[debug] [2026-08-30T19:33:50.926Z] >>> [apiv2][query] GET https://firebaserules.googleapis.com/v1/projects/compare-my-trip-8e035/releases pageSize=10&pageToken=
[debug] [2026-08-30T19:33:52.242Z] <<< [apiv2][status] GET https://firebaserules.googleapis.com/v1/projects/compare-my-trip-8e035/releases 200
[debug] [2026-08-30T19:33:52.243Z] <<< [apiv2][body] GET https://firebaserules.googleapis.com/v1/projects/compare-my-trip-8e035/releases {"releases":[{"name":"projects/compare-my-trip-8e035/releases/cloud.firestore","rulesetName":"projects/compare-my-trip-8e035/rulesets/abd9defa-5147-4ec7-b835-a820d543dce3","createTime":"2026-08-25T07:54:09.678904Z","updateTime":"2026-08-30T19:09:53.463661Z"}]}
[debug] [2026-08-30T19:33:52.243Z] Checked if tokens are valid: true, expires at: 1788122026195
[debug] [2026-08-30T19:33:52.244Z] Checked if tokens are valid: true, expires at: 1788122026195
[debug] [2026-08-30T19:33:52.244Z] >>> [apiv2][query] GET https://firebaserules.googleapis.com/v1/projects/compare-my-trip-8e035/rulesets/abd9defa-5147-4ec7-b835-a820d543dce3 [none]
[debug] [2026-08-30T19:33:53.651Z] <<< [apiv2][status] GET https://firebaserules.googleapis.com/v1/projects/compare-my-trip-8e035/rulesets/abd9defa-5147-4ec7-b835-a820d543dce3 200
[debug] [2026-08-30T19:33:53.652Z] <<< [apiv2][body] GET https://firebaserules.googleapis.com/v1/projects/compare-my-trip-8e035/rulesets/abd9defa-5147-4ec7-b835-a820d543dce3 [omitted]
[info] i  firestore: uploading rules firestore.rules... 
[debug] [2026-08-30T19:33:53.654Z] Checked if tokens are valid: true, expires at: 1788122026195
[debug] [2026-08-30T19:33:53.654Z] Checked if tokens are valid: true, expires at: 1788122026195
[debug] [2026-08-30T19:33:53.655Z] >>> [apiv2][query] POST https://firebaserules.googleapis.com/v1/projects/compare-my-trip-8e035/rulesets [none]
[debug] [2026-08-30T19:33:53.655Z] >>> [apiv2][body] POST https://firebaserules.googleapis.com/v1/projects/compare-my-trip-8e035/rulesets [omitted]
[debug] [2026-08-30T19:33:55.121Z] <<< [apiv2][status] POST https://firebaserules.googleapis.com/v1/projects/compare-my-trip-8e035/rulesets 200
[debug] [2026-08-30T19:33:55.122Z] <<< [apiv2][body] POST https://firebaserules.googleapis.com/v1/projects/compare-my-trip-8e035/rulesets {"name":"projects/compare-my-trip-8e035/rulesets/4cd20cda-7291-4901-b271-19509a73abd4","source":{"files":[{"content":"rules_version = '2';\n\nservice cloud.firestore {\n  match /databases/{database}/documents {\n    function isAdmin() {\n      return request.auth != null\n        && exists(/databases/$(database)/documents/admins/$(request.auth.uid));\n    }\n\n    match /siteContent/homepage {\n      // Homepage content is public by design; only admins may publish it.\n      allow read: if true;\n      allow write: if isAdmin();\n    }\n\n    match /users/{userId} {\n      allow create, update, delete: if request.auth != null\n        && request.auth.uid == userId;\n      allow get: if (request.auth != null && request.auth.uid == userId)\n        || isAdmin();\n\n      // Customer contact details are visible only to explicitly authorized\n      // CRM accounts, never to every authenticated website customer.\n      allow list: if isAdmin();\n    }\n\n    match /newsletterSubscribers/{subscriberId} {\n      function validSubscription() {\n        return request.resource.data.keys().hasOnly(['email', 'subscribedAt'])\n          && request.resource.data.email is string\n          && request.resource.data.email.size() > 3\n          && request.resource.data.email.size() <= 254\n          && request.resource.data.email.matches('^[^\\\\s@]+@[^\\\\s@]+\\\\.[^\\\\s@]+$')\n          && request.resource.data.subscribedAt == request.time;\n      }\n\n      allow create: if validSubscription();\n      allow update: if validSubscription()\n        && request.resource.data.email == resource.data.email;\n      allow read, delete: if isAdmin();\n    }\n\n    match /contactEnquiries/{enquiryId} {\n      function validNewEnquiry() {\n        return request.resource.data.keys().hasOnly([\n          'name', 'email', 'phone', 'destination', 'departure',\n          'travellers', 'message', 'packageId', 'packageTitle', 'source',\n          'status', 'submittedAt'\n        ])\n          && request.resource.data.name is string\n          && request.resource.data.name.size() >= 2\n          && request.resource.data.name.size() <= 120\n          && request.resource.data.email is string\n          && request.resource.data.email.size() <= 254\n          && request.resource.data.email.matches('^[^\\\\s@]+@[^\\\\s@]+\\\\.[^\\\\s@]+$')\n          && request.resource.data.phone is string\n          && request.resource.data.phone.size() >= 7\n          && request.resource.data.phone.size() <= 24\n          && request.resource.data.destination is string\n          && request.resource.data.destination.size() <= 160\n          && request.resource.data.departure is string\n          && request.resource.data.departure.size() <= 20\n          && request.resource.data.travellers is string\n          && request.resource.data.travellers.size() <= 20\n          && request.resource.data.message is string\n          && request.resource.data.message.size() <= 5000\n          && request.resource.data.packageId is string\n          && request.resource.data.packageId.size() <= 180\n          && request.resource.data.packageTitle is string\n          && request.resource.data.packageTitle.size() <= 240\n          && request.resource.data.source is string\n          && request.resource.data.source in ['contact', 'custom_quote']\n          && request.resource.data.status == 'not_contacted'\n          && request.resource.data.submittedAt == request.time;\n      }\n\n      allow create: if validNewEnquiry();\n      allow read, update, delete: if isAdmin();\n    }\n\n    match /admins/{adminId} {\n      // Admin membership is provisioned out-of-band in the Firebase console.\n      // Client applications can neither enumerate nor change this collection.\n      allow get: if request.auth != null && request.auth.uid == adminId;\n      allow list, create, update, delete: if false;\n    }\n\n    match /packages/{packageId} {\n      // Package products are public; only admins can manage them.\n      allow read: if true;\n      allow create, update, delete: if isAdmin();\n    }\n\n    match /blogPosts/{postId} {\n      // Travel guides are public content; only admins can write them.\n      // Drafts live in the same collection, so an unpublished post is\n      // readable by anyone who guesses its slug — treat a draft as\n      // \"not linked from the website yet\", not as a secret.\n      allow read: if true;\n      allow create, update, delete: if isAdmin();\n    }\n\n    match /destinationCovers/{destinationId} {\n      // Cover artwork for the public destinations grid. The destinations\n      // themselves are derived from the package catalogue; this only holds\n      // the picture an admin picked for each card.\n      allow read: if true;\n      allow create, update, delete: if isAdmin();\n    }\n\n    match /{document=**} {\n      allow read, write: if false;\n    }\n  }\n}\n","name":"firestore.rules"}]},"createTime":"2026-08-30T19:33:54.987087Z","metadata":{"services":["cloud.firestore"]}}
[debug] [2026-08-30T19:33:55.122Z] [rules] created ruleset projects/compare-my-trip-8e035/rulesets/4cd20cda-7291-4901-b271-19509a73abd4
[debug] [2026-08-30T19:33:55.123Z] [rules] releasing cloud.firestore with ruleset projects/compare-my-trip-8e035/rulesets/4cd20cda-7291-4901-b271-19509a73abd4
[debug] [2026-08-30T19:33:55.123Z] Checked if tokens are valid: true, expires at: 1788122026195
[debug] [2026-08-30T19:33:55.124Z] Checked if tokens are valid: true, expires at: 1788122026195
[debug] [2026-08-30T19:33:55.124Z] >>> [apiv2][query] PATCH https://firebaserules.googleapis.com/v1/projects/compare-my-trip-8e035/releases/cloud.firestore [none]
[debug] [2026-08-30T19:33:55.124Z] >>> [apiv2][body] PATCH https://firebaserules.googleapis.com/v1/projects/compare-my-trip-8e035/releases/cloud.firestore {"release":{"name":"projects/compare-my-trip-8e035/releases/cloud.firestore","rulesetName":"projects/compare-my-trip-8e035/rulesets/4cd20cda-7291-4901-b271-19509a73abd4"}}
[debug] [2026-08-30T19:33:57.071Z] <<< [apiv2][status] PATCH https://firebaserules.googleapis.com/v1/projects/compare-my-trip-8e035/releases/cloud.firestore 200
[debug] [2026-08-30T19:33:57.085Z] <<< [apiv2][body] PATCH https://firebaserules.googleapis.com/v1/projects/compare-my-trip-8e035/releases/cloud.firestore {"name":"projects/compare-my-trip-8e035/releases/cloud.firestore","rulesetName":"projects/compare-my-trip-8e035/rulesets/4cd20cda-7291-4901-b271-19509a73abd4","createTime":"2026-08-25T07:54:09.678904Z","updateTime":"2026-08-30T19:33:56.473389Z"}
[debug] [2026-08-30T19:33:57.085Z] [rules] updated release projects/compare-my-trip-8e035/releases/cloud.firestore
[info] ✔  firestore: released rules firestore.rules to cloud.firestore 
[info] 
[info] ✔  Deploy complete! 
[info] 
[info] Project Console: https://console.firebase.google.com/project/compare-my-trip-8e035/overview
[debug] [2026-08-31T03:03:12.474Z] ----------------------------------------------------------------------
[debug] [2026-08-31T03:03:12.477Z] Command:       /Users/dakshtandel/.nvm/versions/node/v22.17.1/bin/node /Users/dakshtandel/.npm/_npx/7750544ccf494d8b/node_modules/.bin/firebase use
[debug] [2026-08-31T03:03:12.477Z] CLI Version:   15.28.2
[debug] [2026-08-31T03:03:12.477Z] Platform:      darwin
[debug] [2026-08-31T03:03:12.477Z] Node Version:  v22.17.1
[debug] [2026-08-31T03:03:12.478Z] Detected Agent: codex_cli
[debug] [2026-08-31T03:03:12.478Z] Time:          Mon Aug 31 2026 08:33:12 GMT+0530 (India Standard Time)
[debug] [2026-08-31T03:03:12.478Z] ----------------------------------------------------------------------
[debug] 
[debug] [2026-08-31T03:03:13.415Z] > command requires scopes: ["email","openid","https://www.googleapis.com/auth/cloudplatformprojects.readonly","https://www.googleapis.com/auth/firebase","https://www.googleapis.com/auth/cloud-platform"]
[debug] [2026-08-31T03:03:13.418Z] > authorizing via signed-in user (dakshtandel943@gmail.com)
[info] compare-my-trip-8e035
[debug] [2026-08-31T03:03:20.487Z] ----------------------------------------------------------------------
[debug] [2026-08-31T03:03:20.490Z] Command:       /Users/dakshtandel/.nvm/versions/node/v22.17.1/bin/node /Users/dakshtandel/.npm/_npx/7750544ccf494d8b/node_modules/.bin/firebase deploy --only firestore:rules
[debug] [2026-08-31T03:03:20.491Z] CLI Version:   15.28.2
[debug] [2026-08-31T03:03:20.491Z] Platform:      darwin
[debug] [2026-08-31T03:03:20.491Z] Node Version:  v22.17.1
[debug] [2026-08-31T03:03:20.492Z] Detected Agent: codex_cli
[debug] [2026-08-31T03:03:20.492Z] Time:          Mon Aug 31 2026 08:33:20 GMT+0530 (India Standard Time)
[debug] [2026-08-31T03:03:20.492Z] ----------------------------------------------------------------------
[debug] 
[debug] [2026-08-31T03:03:22.006Z] > command requires scopes: ["email","openid","https://www.googleapis.com/auth/cloudplatformprojects.readonly","https://www.googleapis.com/auth/firebase","https://www.googleapis.com/auth/cloud-platform"]
[debug] [2026-08-31T03:03:22.007Z] > authorizing via signed-in user (dakshtandel943@gmail.com)
[debug] [2026-08-31T03:03:22.007Z] [iam] checking project compare-my-trip-8e035 for permissions ["datastore.indexes.create","datastore.indexes.delete","datastore.indexes.list","datastore.indexes.update","firebase.projects.get"]
[debug] [2026-08-31T03:03:22.019Z] Checked if tokens are valid: false, expires at: 1788122026195
[debug] [2026-08-31T03:03:22.019Z] Checked if tokens are valid: false, expires at: 1788122026195
[debug] [2026-08-31T03:03:22.019Z] > refreshing access token with scopes: []
[debug] [2026-08-31T03:03:22.021Z] >>> [apiv2][query] POST https://www.googleapis.com/oauth2/v3/token [none]
[debug] [2026-08-31T03:03:22.021Z] >>> [apiv2][body] POST https://www.googleapis.com/oauth2/v3/token [omitted]
[debug] [2026-08-31T03:03:22.341Z] <<< [apiv2][status] POST https://www.googleapis.com/oauth2/v3/token 200
[debug] [2026-08-31T03:03:22.342Z] <<< [apiv2][body] POST https://www.googleapis.com/oauth2/v3/token [omitted]
[debug] [2026-08-31T03:03:22.353Z] >>> [apiv2][query] POST https://cloudresourcemanager.googleapis.com/v1/projects/compare-my-trip-8e035:testIamPermissions [none]
[debug] [2026-08-31T03:03:22.353Z] >>> [apiv2][(partial)header] POST https://cloudresourcemanager.googleapis.com/v1/projects/compare-my-trip-8e035:testIamPermissions  x-goog-user-project=compare-my-trip-8e035
[debug] [2026-08-31T03:03:22.353Z] >>> [apiv2][body] POST https://cloudresourcemanager.googleapis.com/v1/projects/compare-my-trip-8e035:testIamPermissions {"permissions":["datastore.indexes.create","datastore.indexes.delete","datastore.indexes.list","datastore.indexes.update","firebase.projects.get"]}
[debug] [2026-08-31T03:03:23.773Z] <<< [apiv2][status] POST https://cloudresourcemanager.googleapis.com/v1/projects/compare-my-trip-8e035:testIamPermissions 200
[debug] [2026-08-31T03:03:23.773Z] <<< [apiv2][body] POST https://cloudresourcemanager.googleapis.com/v1/projects/compare-my-trip-8e035:testIamPermissions {"permissions":["datastore.indexes.create","datastore.indexes.delete","datastore.indexes.list","datastore.indexes.update","firebase.projects.get"]}
[info] 
[info] === Deploying to 'compare-my-trip-8e035'...
[info] 
[info] i  deploying firestore 
[info] i  firestore: ensuring required API firestore.googleapis.com is enabled... 
[info] i  firestore: ensuring required API firestore.googleapis.com is enabled... 
[debug] [2026-08-31T03:03:23.780Z] Checked if tokens are valid: true, expires at: 1788149001342
[debug] [2026-08-31T03:03:23.781Z] Checked if tokens are valid: true, expires at: 1788149001342
[debug] [2026-08-31T03:03:23.781Z] >>> [apiv2][query] GET https://firestore.googleapis.com/v1/projects/compare-my-trip-8e035/databases/(default) [none]
[debug] [2026-08-31T03:03:24.266Z] <<< [apiv2][status] GET https://firestore.googleapis.com/v1/projects/compare-my-trip-8e035/databases/(default) 200
[debug] [2026-08-31T03:03:24.267Z] <<< [apiv2][body] GET https://firestore.googleapis.com/v1/projects/compare-my-trip-8e035/databases/(default) {"name":"projects/compare-my-trip-8e035/databases/(default)","uid":"9297822c-73ff-4020-8e8d-3da198506472","createTime":"2026-08-25T07:54:05.961150Z","updateTime":"2026-08-25T07:54:05.961150Z","locationId":"asia-south1","type":"FIRESTORE_NATIVE","concurrencyMode":"PESSIMISTIC","versionRetentionPeriod":"3600s","earliestVersionTime":"2026-08-31T02:03:24.276612Z","appEngineIntegrationMode":"DISABLED","keyPrefix":"j","pointInTimeRecoveryEnablement":"POINT_IN_TIME_RECOVERY_DISABLED","deleteProtectionState":"DELETE_PROTECTION_DISABLED","databaseEdition":"STANDARD","freeTier":true,"realtimeUpdatesMode":"REALTIME_UPDATES_MODE_ENABLED","enhancedTextSearchQueryMode":"ENHANCED_QUERY_MODE_ENABLED","etag":"IJ7fg93wyZYDMPCtwJH0yJYD"}
[info] i  cloud.firestore: checking firestore.rules for compilation errors... 
[debug] [2026-08-31T03:03:24.270Z] Checked if tokens are valid: true, expires at: 1788149001342
[debug] [2026-08-31T03:03:24.271Z] Checked if tokens are valid: true, expires at: 1788149001342
[debug] [2026-08-31T03:03:24.271Z] >>> [apiv2][query] POST https://firebaserules.googleapis.com/v1/projects/compare-my-trip-8e035:test [none]
[debug] [2026-08-31T03:03:24.272Z] >>> [apiv2][body] POST https://firebaserules.googleapis.com/v1/projects/compare-my-trip-8e035:test [omitted]
[debug] [2026-08-31T03:03:25.924Z] <<< [apiv2][status] POST https://firebaserules.googleapis.com/v1/projects/compare-my-trip-8e035:test 200
[debug] [2026-08-31T03:03:25.925Z] <<< [apiv2][body] POST https://firebaserules.googleapis.com/v1/projects/compare-my-trip-8e035:test {}
[info] ✔  cloud.firestore: rules file firestore.rules compiled successfully 
[debug] [2026-08-31T03:03:25.927Z] Checked if tokens are valid: true, expires at: 1788149001342
[debug] [2026-08-31T03:03:25.927Z] Checked if tokens are valid: true, expires at: 1788149001342
[debug] [2026-08-31T03:03:25.928Z] >>> [apiv2][query] GET https://firebaserules.googleapis.com/v1/projects/compare-my-trip-8e035/releases pageSize=10&pageToken=
[debug] [2026-08-31T03:03:27.508Z] <<< [apiv2][status] GET https://firebaserules.googleapis.com/v1/projects/compare-my-trip-8e035/releases 200
[debug] [2026-08-31T03:03:27.509Z] <<< [apiv2][body] GET https://firebaserules.googleapis.com/v1/projects/compare-my-trip-8e035/releases {"releases":[{"name":"projects/compare-my-trip-8e035/releases/cloud.firestore","rulesetName":"projects/compare-my-trip-8e035/rulesets/4cd20cda-7291-4901-b271-19509a73abd4","createTime":"2026-08-25T07:54:09.678904Z","updateTime":"2026-08-30T19:33:56.473389Z"}]}
[debug] [2026-08-31T03:03:27.509Z] Checked if tokens are valid: true, expires at: 1788149001342
[debug] [2026-08-31T03:03:27.509Z] Checked if tokens are valid: true, expires at: 1788149001342
[debug] [2026-08-31T03:03:27.510Z] >>> [apiv2][query] GET https://firebaserules.googleapis.com/v1/projects/compare-my-trip-8e035/rulesets/4cd20cda-7291-4901-b271-19509a73abd4 [none]
[debug] [2026-08-31T03:03:28.905Z] <<< [apiv2][status] GET https://firebaserules.googleapis.com/v1/projects/compare-my-trip-8e035/rulesets/4cd20cda-7291-4901-b271-19509a73abd4 200
[debug] [2026-08-31T03:03:28.906Z] <<< [apiv2][body] GET https://firebaserules.googleapis.com/v1/projects/compare-my-trip-8e035/rulesets/4cd20cda-7291-4901-b271-19509a73abd4 [omitted]
[info] i  firestore: uploading rules firestore.rules... 
[debug] [2026-08-31T03:03:28.908Z] Checked if tokens are valid: true, expires at: 1788149001342
[debug] [2026-08-31T03:03:28.908Z] Checked if tokens are valid: true, expires at: 1788149001342
[debug] [2026-08-31T03:03:28.908Z] >>> [apiv2][query] POST https://firebaserules.googleapis.com/v1/projects/compare-my-trip-8e035/rulesets [none]
[debug] [2026-08-31T03:03:28.908Z] >>> [apiv2][body] POST https://firebaserules.googleapis.com/v1/projects/compare-my-trip-8e035/rulesets [omitted]
[debug] [2026-08-31T03:03:29.450Z] <<< [apiv2][status] POST https://firebaserules.googleapis.com/v1/projects/compare-my-trip-8e035/rulesets 200
[debug] [2026-08-31T03:03:29.451Z] <<< [apiv2][body] POST https://firebaserules.googleapis.com/v1/projects/compare-my-trip-8e035/rulesets {"name":"projects/compare-my-trip-8e035/rulesets/d20bbeeb-8495-46d4-855d-fc412e5bb892","source":{"files":[{"content":"rules_version = '2';\n\nservice cloud.firestore {\n  match /databases/{database}/documents {\n    function isAdmin() {\n      return request.auth != null\n        && exists(/databases/$(database)/documents/admins/$(request.auth.uid));\n    }\n\n    match /siteContent/homepage {\n      // Homepage content is public by design; only admins may publish it.\n      allow read: if true;\n      allow write: if isAdmin();\n    }\n\n    match /users/{userId} {\n      allow create, update, delete: if request.auth != null\n        && request.auth.uid == userId;\n      allow get: if (request.auth != null && request.auth.uid == userId)\n        || isAdmin();\n\n      // Customer contact details are visible only to explicitly authorized\n      // CRM accounts, never to every authenticated website customer.\n      allow list: if isAdmin();\n    }\n\n    match /newsletterSubscribers/{subscriberId} {\n      function validSubscription() {\n        return request.resource.data.keys().hasOnly(['email', 'subscribedAt'])\n          && request.resource.data.email is string\n          && request.resource.data.email.size() > 3\n          && request.resource.data.email.size() <= 254\n          && request.resource.data.email.matches('^[^\\\\s@]+@[^\\\\s@]+\\\\.[^\\\\s@]+$')\n          && request.resource.data.subscribedAt == request.time;\n      }\n\n      allow create: if validSubscription();\n      allow update: if validSubscription()\n        && request.resource.data.email == resource.data.email;\n      allow read, delete: if isAdmin();\n    }\n\n    match /contactEnquiries/{enquiryId} {\n      function validNewEnquiry() {\n        return request.resource.data.keys().hasOnly([\n          'name', 'email', 'phone', 'destination', 'departure',\n          'travellers', 'message', 'packageId', 'packageTitle', 'source',\n          'userId', 'status', 'submittedAt'\n        ])\n          && request.resource.data.name is string\n          && request.resource.data.name.size() >= 2\n          && request.resource.data.name.size() <= 120\n          && request.resource.data.email is string\n          && request.resource.data.email.size() <= 254\n          && request.resource.data.email.matches('^[^\\\\s@]+@[^\\\\s@]+\\\\.[^\\\\s@]+$')\n          && request.resource.data.phone is string\n          && request.resource.data.phone.size() >= 7\n          && request.resource.data.phone.size() <= 24\n          && request.resource.data.destination is string\n          && request.resource.data.destination.size() <= 160\n          && request.resource.data.departure is string\n          && request.resource.data.departure.size() <= 20\n          && request.resource.data.travellers is string\n          && request.resource.data.travellers.size() <= 20\n          && request.resource.data.message is string\n          && request.resource.data.message.size() <= 5000\n          && request.resource.data.packageId is string\n          && request.resource.data.packageId.size() <= 180\n          && request.resource.data.packageTitle is string\n          && request.resource.data.packageTitle.size() <= 240\n          && request.resource.data.userId is string\n          && request.resource.data.userId.size() <= 128\n          && request.resource.data.source is string\n          && request.resource.data.source in ['contact', 'custom_quote']\n          && (\n            (request.resource.data.source == 'contact'\n              && request.resource.data.userId == ''\n              && request.resource.data.status == 'not_contacted')\n            ||\n            (request.resource.data.source == 'custom_quote'\n              && request.auth != null\n              && request.resource.data.userId == request.auth.uid\n              && request.resource.data.status == 'under_review')\n          )\n          && request.resource.data.submittedAt == request.time;\n      }\n\n      allow create: if validNewEnquiry();\n      allow read: if isAdmin()\n        || (request.auth != null && resource.data.userId == request.auth.uid);\n      allow update, delete: if isAdmin();\n    }\n\n    match /admins/{adminId} {\n      // Admin membership is provisioned out-of-band in the Firebase console.\n      // Client applications can neither enumerate nor change this collection.\n      allow get: if request.auth != null && request.auth.uid == adminId;\n      allow list, create, update, delete: if false;\n    }\n\n    match /packages/{packageId} {\n      // Package products are public; only admins can manage them.\n      allow read: if true;\n      allow create, update, delete: if isAdmin();\n    }\n\n    match /blogPosts/{postId} {\n      // Travel guides are public content; only admins can write them.\n      // Drafts live in the same collection, so an unpublished post is\n      // readable by anyone who guesses its slug — treat a draft as\n      // \"not linked from the website yet\", not as a secret.\n      allow read: if true;\n      allow create, update, delete: if isAdmin();\n    }\n\n    match /destinationCovers/{destinationId} {\n      // Cover artwork for the public destinations grid. The destinations\n      // themselves are derived from the package catalogue; this only holds\n      // the picture an admin picked for each card.\n      allow read: if true;\n      allow create, update, delete: if isAdmin();\n    }\n\n    match /{document=**} {\n      allow read, write: if false;\n    }\n  }\n}\n","name":"firestore.rules"}]},"createTime":"2026-08-31T03:03:29.198447Z","metadata":{"services":["cloud.firestore"]}}
[debug] [2026-08-31T03:03:29.451Z] [rules] created ruleset projects/compare-my-trip-8e035/rulesets/d20bbeeb-8495-46d4-855d-fc412e5bb892
[debug] [2026-08-31T03:03:29.453Z] [rules] releasing cloud.firestore with ruleset projects/compare-my-trip-8e035/rulesets/d20bbeeb-8495-46d4-855d-fc412e5bb892
[debug] [2026-08-31T03:03:29.453Z] Checked if tokens are valid: true, expires at: 1788149001342
[debug] [2026-08-31T03:03:29.453Z] Checked if tokens are valid: true, expires at: 1788149001342
[debug] [2026-08-31T03:03:29.453Z] >>> [apiv2][query] PATCH https://firebaserules.googleapis.com/v1/projects/compare-my-trip-8e035/releases/cloud.firestore [none]
[debug] [2026-08-31T03:03:29.454Z] >>> [apiv2][body] PATCH https://firebaserules.googleapis.com/v1/projects/compare-my-trip-8e035/releases/cloud.firestore {"release":{"name":"projects/compare-my-trip-8e035/releases/cloud.firestore","rulesetName":"projects/compare-my-trip-8e035/rulesets/d20bbeeb-8495-46d4-855d-fc412e5bb892"}}
[debug] [2026-08-31T03:03:30.925Z] <<< [apiv2][status] PATCH https://firebaserules.googleapis.com/v1/projects/compare-my-trip-8e035/releases/cloud.firestore 200
[debug] [2026-08-31T03:03:30.925Z] <<< [apiv2][body] PATCH https://firebaserules.googleapis.com/v1/projects/compare-my-trip-8e035/releases/cloud.firestore {"name":"projects/compare-my-trip-8e035/releases/cloud.firestore","rulesetName":"projects/compare-my-trip-8e035/rulesets/d20bbeeb-8495-46d4-855d-fc412e5bb892","createTime":"2026-08-25T07:54:09.678904Z","updateTime":"2026-08-31T03:03:30.822602Z"}
[debug] [2026-08-31T03:03:30.925Z] [rules] updated release projects/compare-my-trip-8e035/releases/cloud.firestore
[info] ✔  firestore: released rules firestore.rules to cloud.firestore 
[info] 
[info] ✔  Deploy complete! 
[info] 
[info] Project Console: https://console.firebase.google.com/project/compare-my-trip-8e035/overview
[debug] [2026-08-31T03:16:42.687Z] ----------------------------------------------------------------------
[debug] [2026-08-31T03:16:42.691Z] Command:       /Users/dakshtandel/.nvm/versions/node/v22.17.1/bin/node /Users/dakshtandel/.npm/_npx/7750544ccf494d8b/node_modules/.bin/firebase deploy --only firestore:rules
[debug] [2026-08-31T03:16:42.691Z] CLI Version:   15.28.2
[debug] [2026-08-31T03:16:42.691Z] Platform:      darwin
[debug] [2026-08-31T03:16:42.691Z] Node Version:  v22.17.1
[debug] [2026-08-31T03:16:42.692Z] Detected Agent: codex_cli
[debug] [2026-08-31T03:16:42.692Z] Time:          Mon Aug 31 2026 08:46:42 GMT+0530 (India Standard Time)
[debug] [2026-08-31T03:16:42.692Z] ----------------------------------------------------------------------
[debug] 
[debug] [2026-08-31T03:16:43.666Z] > command requires scopes: ["email","openid","https://www.googleapis.com/auth/cloudplatformprojects.readonly","https://www.googleapis.com/auth/firebase","https://www.googleapis.com/auth/cloud-platform"]
[debug] [2026-08-31T03:16:43.667Z] > authorizing via signed-in user (dakshtandel943@gmail.com)
[debug] [2026-08-31T03:16:43.667Z] [iam] checking project compare-my-trip-8e035 for permissions ["datastore.indexes.create","datastore.indexes.delete","datastore.indexes.list","datastore.indexes.update","firebase.projects.get"]
[debug] [2026-08-31T03:16:43.676Z] Checked if tokens are valid: true, expires at: 1788149001342
[debug] [2026-08-31T03:16:43.677Z] Checked if tokens are valid: true, expires at: 1788149001342
[debug] [2026-08-31T03:16:43.678Z] >>> [apiv2][query] POST https://cloudresourcemanager.googleapis.com/v1/projects/compare-my-trip-8e035:testIamPermissions [none]
[debug] [2026-08-31T03:16:43.678Z] >>> [apiv2][(partial)header] POST https://cloudresourcemanager.googleapis.com/v1/projects/compare-my-trip-8e035:testIamPermissions  x-goog-user-project=compare-my-trip-8e035
[debug] [2026-08-31T03:16:43.678Z] >>> [apiv2][body] POST https://cloudresourcemanager.googleapis.com/v1/projects/compare-my-trip-8e035:testIamPermissions {"permissions":["datastore.indexes.create","datastore.indexes.delete","datastore.indexes.list","datastore.indexes.update","firebase.projects.get"]}
[debug] [2026-08-31T03:16:46.491Z] <<< [apiv2][status] POST https://cloudresourcemanager.googleapis.com/v1/projects/compare-my-trip-8e035:testIamPermissions 200
[debug] [2026-08-31T03:16:46.491Z] <<< [apiv2][body] POST https://cloudresourcemanager.googleapis.com/v1/projects/compare-my-trip-8e035:testIamPermissions {"permissions":["datastore.indexes.create","datastore.indexes.delete","datastore.indexes.list","datastore.indexes.update","firebase.projects.get"]}
[info] 
[info] === Deploying to 'compare-my-trip-8e035'...
[info] 
[info] i  deploying firestore 
[info] i  firestore: ensuring required API firestore.googleapis.com is enabled... 
[info] i  firestore: ensuring required API firestore.googleapis.com is enabled... 
[debug] [2026-08-31T03:16:46.494Z] Checked if tokens are valid: true, expires at: 1788149001342
[debug] [2026-08-31T03:16:46.494Z] Checked if tokens are valid: true, expires at: 1788149001342
[debug] [2026-08-31T03:16:46.494Z] >>> [apiv2][query] GET https://firestore.googleapis.com/v1/projects/compare-my-trip-8e035/databases/(default) [none]
[debug] [2026-08-31T03:16:46.962Z] <<< [apiv2][status] GET https://firestore.googleapis.com/v1/projects/compare-my-trip-8e035/databases/(default) 200
[debug] [2026-08-31T03:16:46.963Z] <<< [apiv2][body] GET https://firestore.googleapis.com/v1/projects/compare-my-trip-8e035/databases/(default) {"name":"projects/compare-my-trip-8e035/databases/(default)","uid":"9297822c-73ff-4020-8e8d-3da198506472","createTime":"2026-08-25T07:54:05.961150Z","updateTime":"2026-08-25T07:54:05.961150Z","locationId":"asia-south1","type":"FIRESTORE_NATIVE","concurrencyMode":"PESSIMISTIC","versionRetentionPeriod":"3600s","earliestVersionTime":"2026-08-31T02:16:46.967433Z","appEngineIntegrationMode":"DISABLED","keyPrefix":"j","pointInTimeRecoveryEnablement":"POINT_IN_TIME_RECOVERY_DISABLED","deleteProtectionState":"DELETE_PROTECTION_DISABLED","databaseEdition":"STANDARD","freeTier":true,"realtimeUpdatesMode":"REALTIME_UPDATES_MODE_ENABLED","enhancedTextSearchQueryMode":"ENHANCED_QUERY_MODE_ENABLED","etag":"IL2J5NvzyZYDMPCtwJH0yJYD"}
[info] i  cloud.firestore: checking firestore.rules for compilation errors... 
[debug] [2026-08-31T03:16:46.965Z] Checked if tokens are valid: true, expires at: 1788149001342
[debug] [2026-08-31T03:16:46.965Z] Checked if tokens are valid: true, expires at: 1788149001342
[debug] [2026-08-31T03:16:46.966Z] >>> [apiv2][query] POST https://firebaserules.googleapis.com/v1/projects/compare-my-trip-8e035:test [none]
[debug] [2026-08-31T03:16:46.966Z] >>> [apiv2][body] POST https://firebaserules.googleapis.com/v1/projects/compare-my-trip-8e035:test [omitted]
[debug] [2026-08-31T03:16:48.486Z] <<< [apiv2][status] POST https://firebaserules.googleapis.com/v1/projects/compare-my-trip-8e035:test 200
[debug] [2026-08-31T03:16:48.486Z] <<< [apiv2][body] POST https://firebaserules.googleapis.com/v1/projects/compare-my-trip-8e035:test {}
[info] ✔  cloud.firestore: rules file firestore.rules compiled successfully 
[debug] [2026-08-31T03:16:48.488Z] Checked if tokens are valid: true, expires at: 1788149001342
[debug] [2026-08-31T03:16:48.488Z] Checked if tokens are valid: true, expires at: 1788149001342
[debug] [2026-08-31T03:16:48.489Z] >>> [apiv2][query] GET https://firebaserules.googleapis.com/v1/projects/compare-my-trip-8e035/releases pageSize=10&pageToken=
[debug] [2026-08-31T03:16:49.783Z] <<< [apiv2][status] GET https://firebaserules.googleapis.com/v1/projects/compare-my-trip-8e035/releases 200
[debug] [2026-08-31T03:16:49.783Z] <<< [apiv2][body] GET https://firebaserules.googleapis.com/v1/projects/compare-my-trip-8e035/releases {"releases":[{"name":"projects/compare-my-trip-8e035/releases/cloud.firestore","rulesetName":"projects/compare-my-trip-8e035/rulesets/d20bbeeb-8495-46d4-855d-fc412e5bb892","createTime":"2026-08-25T07:54:09.678904Z","updateTime":"2026-08-31T03:03:30.822602Z"}]}
[debug] [2026-08-31T03:16:49.784Z] Checked if tokens are valid: true, expires at: 1788149001342
[debug] [2026-08-31T03:16:49.784Z] Checked if tokens are valid: true, expires at: 1788149001342
[debug] [2026-08-31T03:16:49.784Z] >>> [apiv2][query] GET https://firebaserules.googleapis.com/v1/projects/compare-my-trip-8e035/rulesets/d20bbeeb-8495-46d4-855d-fc412e5bb892 [none]
[debug] [2026-08-31T03:16:51.143Z] <<< [apiv2][status] GET https://firebaserules.googleapis.com/v1/projects/compare-my-trip-8e035/rulesets/d20bbeeb-8495-46d4-855d-fc412e5bb892 200
[debug] [2026-08-31T03:16:51.143Z] <<< [apiv2][body] GET https://firebaserules.googleapis.com/v1/projects/compare-my-trip-8e035/rulesets/d20bbeeb-8495-46d4-855d-fc412e5bb892 [omitted]
[info] i  firestore: uploading rules firestore.rules... 
[debug] [2026-08-31T03:16:51.145Z] Checked if tokens are valid: true, expires at: 1788149001342
[debug] [2026-08-31T03:16:51.145Z] Checked if tokens are valid: true, expires at: 1788149001342
[debug] [2026-08-31T03:16:51.145Z] >>> [apiv2][query] POST https://firebaserules.googleapis.com/v1/projects/compare-my-trip-8e035/rulesets [none]
[debug] [2026-08-31T03:16:51.145Z] >>> [apiv2][body] POST https://firebaserules.googleapis.com/v1/projects/compare-my-trip-8e035/rulesets [omitted]
[debug] [2026-08-31T03:16:51.545Z] <<< [apiv2][status] POST https://firebaserules.googleapis.com/v1/projects/compare-my-trip-8e035/rulesets 200
[debug] [2026-08-31T03:16:51.546Z] <<< [apiv2][body] POST https://firebaserules.googleapis.com/v1/projects/compare-my-trip-8e035/rulesets {"name":"projects/compare-my-trip-8e035/rulesets/8ca200cb-e7cf-4aa3-a009-ac74e5e610ab","source":{"files":[{"content":"rules_version = '2';\n\nservice cloud.firestore {\n  match /databases/{database}/documents {\n    function isAdmin() {\n      return request.auth != null\n        && exists(/databases/$(database)/documents/admins/$(request.auth.uid));\n    }\n\n    match /siteContent/homepage {\n      // Homepage content is public by design; only admins may publish it.\n      allow read: if true;\n      allow write: if isAdmin();\n    }\n\n    match /users/{userId} {\n      allow create, update, delete: if request.auth != null\n        && request.auth.uid == userId;\n      allow get: if (request.auth != null && request.auth.uid == userId)\n        || isAdmin();\n\n      // Customer contact details are visible only to explicitly authorized\n      // CRM accounts, never to every authenticated website customer.\n      allow list: if isAdmin();\n    }\n\n    match /newsletterSubscribers/{subscriberId} {\n      function validSubscription() {\n        return request.resource.data.keys().hasOnly(['email', 'subscribedAt'])\n          && request.resource.data.email is string\n          && request.resource.data.email.size() > 3\n          && request.resource.data.email.size() <= 254\n          && request.resource.data.email.matches('^[^\\\\s@]+@[^\\\\s@]+\\\\.[^\\\\s@]+$')\n          && request.resource.data.subscribedAt == request.time;\n      }\n\n      allow create: if validSubscription();\n      allow update: if validSubscription()\n        && request.resource.data.email == resource.data.email;\n      allow read, delete: if isAdmin();\n    }\n\n    match /contactEnquiries/{enquiryId} {\n      function validNewEnquiry() {\n        return request.resource.data.keys().hasOnly([\n          'name', 'email', 'phone', 'destination', 'departure',\n          'travellers', 'message', 'packageId', 'packageTitle', 'pricePerPerson', 'source',\n          'userId', 'status', 'submittedAt'\n        ])\n          && request.resource.data.name is string\n          && request.resource.data.name.size() >= 2\n          && request.resource.data.name.size() <= 120\n          && request.resource.data.email is string\n          && request.resource.data.email.size() <= 254\n          && request.resource.data.email.matches('^[^\\\\s@]+@[^\\\\s@]+\\\\.[^\\\\s@]+$')\n          && request.resource.data.phone is string\n          && request.resource.data.phone.size() >= 7\n          && request.resource.data.phone.size() <= 24\n          && request.resource.data.destination is string\n          && request.resource.data.destination.size() <= 160\n          && request.resource.data.departure is string\n          && request.resource.data.departure.size() <= 20\n          && request.resource.data.travellers is string\n          && request.resource.data.travellers.size() <= 20\n          && request.resource.data.message is string\n          && request.resource.data.message.size() <= 5000\n          && request.resource.data.packageId is string\n          && request.resource.data.packageId.size() <= 180\n          && request.resource.data.packageTitle is string\n          && request.resource.data.packageTitle.size() <= 240\n          && request.resource.data.pricePerPerson is number\n          && request.resource.data.pricePerPerson >= 0\n          && request.resource.data.pricePerPerson <= 100000000\n          && request.resource.data.userId is string\n          && request.resource.data.userId.size() <= 128\n          && request.resource.data.source is string\n          && request.resource.data.source in ['contact', 'custom_quote']\n          && (\n            (request.resource.data.source == 'contact'\n              && request.resource.data.userId == ''\n              && request.resource.data.status == 'not_contacted')\n            ||\n            (request.resource.data.source == 'custom_quote'\n              && request.auth != null\n              && request.resource.data.userId == request.auth.uid\n              && request.resource.data.status == 'under_review')\n          )\n          && request.resource.data.submittedAt == request.time;\n      }\n\n      allow create: if validNewEnquiry();\n      allow read: if isAdmin()\n        || (request.auth != null && resource.data.userId == request.auth.uid);\n      allow update, delete: if isAdmin();\n    }\n\n    match /admins/{adminId} {\n      // Admin membership is provisioned out-of-band in the Firebase console.\n      // Client applications can neither enumerate nor change this collection.\n      allow get: if request.auth != null && request.auth.uid == adminId;\n      allow list, create, update, delete: if false;\n    }\n\n    match /packages/{packageId} {\n      // Package products are public; only admins can manage them.\n      allow read: if true;\n      allow create, update, delete: if isAdmin();\n    }\n\n    match /blogPosts/{postId} {\n      // Travel guides are public content; only admins can write them.\n      // Drafts live in the same collection, so an unpublished post is\n      // readable by anyone who guesses its slug — treat a draft as\n      // \"not linked from the website yet\", not as a secret.\n      allow read: if true;\n      allow create, update, delete: if isAdmin();\n    }\n\n    match /destinationCovers/{destinationId} {\n      // Cover artwork for the public destinations grid. The destinations\n      // themselves are derived from the package catalogue; this only holds\n      // the picture an admin picked for each card.\n      allow read: if true;\n      allow create, update, delete: if isAdmin();\n    }\n\n    match /{document=**} {\n      allow read, write: if false;\n    }\n  }\n}\n","name":"firestore.rules"}]},"createTime":"2026-08-31T03:16:51.437983Z","metadata":{"services":["cloud.firestore"]}}
[debug] [2026-08-31T03:16:51.547Z] [rules] created ruleset projects/compare-my-trip-8e035/rulesets/8ca200cb-e7cf-4aa3-a009-ac74e5e610ab
[debug] [2026-08-31T03:16:51.547Z] [rules] releasing cloud.firestore with ruleset projects/compare-my-trip-8e035/rulesets/8ca200cb-e7cf-4aa3-a009-ac74e5e610ab
[debug] [2026-08-31T03:16:51.548Z] Checked if tokens are valid: true, expires at: 1788149001342
[debug] [2026-08-31T03:16:51.548Z] Checked if tokens are valid: true, expires at: 1788149001342
[debug] [2026-08-31T03:16:51.548Z] >>> [apiv2][query] PATCH https://firebaserules.googleapis.com/v1/projects/compare-my-trip-8e035/releases/cloud.firestore [none]
[debug] [2026-08-31T03:16:51.549Z] >>> [apiv2][body] PATCH https://firebaserules.googleapis.com/v1/projects/compare-my-trip-8e035/releases/cloud.firestore {"release":{"name":"projects/compare-my-trip-8e035/releases/cloud.firestore","rulesetName":"projects/compare-my-trip-8e035/rulesets/8ca200cb-e7cf-4aa3-a009-ac74e5e610ab"}}
[debug] [2026-08-31T03:16:52.996Z] <<< [apiv2][status] PATCH https://firebaserules.googleapis.com/v1/projects/compare-my-trip-8e035/releases/cloud.firestore 200
[debug] [2026-08-31T03:16:52.997Z] <<< [apiv2][body] PATCH https://firebaserules.googleapis.com/v1/projects/compare-my-trip-8e035/releases/cloud.firestore {"name":"projects/compare-my-trip-8e035/releases/cloud.firestore","rulesetName":"projects/compare-my-trip-8e035/rulesets/8ca200cb-e7cf-4aa3-a009-ac74e5e610ab","createTime":"2026-08-25T07:54:09.678904Z","updateTime":"2026-08-31T03:16:52.884793Z"}
[debug] [2026-08-31T03:16:52.997Z] [rules] updated release projects/compare-my-trip-8e035/releases/cloud.firestore
[info] ✔  firestore: released rules firestore.rules to cloud.firestore 
[info] 
[info] ✔  Deploy complete! 
[info] 
[info] Project Console: https://console.firebase.google.com/project/compare-my-trip-8e035/overview
